Component: ARM Compiler 5.05 update 1 (build 106) Tool: armlink [4d0efa]

==============================================================================

Section Cross References

    main.o(.text) refers to faddsub_clz.o(x$fpl$fadd) for __aeabi_fadd
    main.o(.text) refers to fflt_clz.o(x$fpl$ffltu) for __aeabi_ui2f
    main.o(.text) refers to fdiv.o(x$fpl$fdiv) for __aeabi_fdiv
    main.o(.text) refers to misc.o(.text) for NVIC_PriorityGroupConfig
    main.o(.text) refers to fdc2214.o(.text) for FDC2214_Init
    main.o(.text) refers to delay.o(.text) for delay_ms
    main.o(.text) refers to timer.o(.text) for TIM3_Int_Init
    main.o(.text) refers to usart.o(.text) for uart_init
    main.o(.text) refers to led.o(.text) for LED_Init
    main.o(.text) refers to lcd.o(.text) for LCD_Init
    main.o(.text) refers to beep.o(.text) for BEEP_Init
    main.o(.text) refers to exti.o(.text) for EXTIX_Init
    main.o(.text) refers to feqf.o(x$fpl$feqf) for __aeabi_cfcmpeq
    main.o(.text) refers to main.o(.bss) for collect
    main.o(.text) refers to main.o(.data) for n
    main.o(.text) refers to lcd.o(.data) for POINT_COLOR
    main.o(.text) refers to frleqf.o(x$fpl$frleqf) for __aeabi_cfrcmple
    main.o(.text) refers to fleqf.o(x$fpl$fleqf) for __aeabi_cfcmple
    main.o(.text) refers to faddsub_clz.o(x$fpl$fsub) for __aeabi_fsub
    main.o(.text) refers to fmul.o(x$fpl$fmul) for __aeabi_fmul
    main.o(.text) refers to f2d.o(x$fpl$f2d) for __aeabi_f2d
    main.o(.text) refers to dleqf.o(x$fpl$dleqf) for __aeabi_cdcmple
    system_stm32f10x.o(.text) refers to system_stm32f10x.o(.data) for SystemCoreClock
    led.o(.text) refers to stm32f10x_rcc.o(.text) for RCC_APB2PeriphClockCmd
    led.o(.text) refers to stm32f10x_gpio.o(.text) for GPIO_Init
    key.o(.text) refers to stm32f10x_rcc.o(.text) for RCC_APB2PeriphClockCmd
    key.o(.text) refers to stm32f10x_gpio.o(.text) for GPIO_Init
    key.o(.text) refers to delay.o(.text) for delay_ms
    key.o(.text) refers to key.o(.data) for key_up
    lcd.o(.text) refers to _printf_percent.o(.ARM.Collect$$_printf_percent$$00000000) for _printf_percent
    lcd.o(.text) refers to _printf_x.o(.ARM.Collect$$_printf_percent$$0000000C) for _printf_x
    lcd.o(.text) refers to _printf_hex_int.o(.text) for _printf_longlong_hex
    lcd.o(.text) refers to delay.o(.text) for delay_us
    lcd.o(.text) refers to lcd.o(.bss) for lcddev
    lcd.o(.text) refers to lcd.o(.data) for POINT_COLOR
    lcd.o(.text) refers to dflt_clz.o(x$fpl$dfltu) for __aeabi_ui2d
    lcd.o(.text) refers to dmul.o(x$fpl$dmul) for __aeabi_dmul
    lcd.o(.text) refers to dfixu.o(x$fpl$dfixu) for __aeabi_d2uiz
    lcd.o(.text) refers to stm32f10x_rcc.o(.text) for RCC_AHBPeriphClockCmd
    lcd.o(.text) refers to stm32f10x_gpio.o(.text) for GPIO_Init
    lcd.o(.text) refers to stm32f10x_fsmc.o(.text) for FSMC_NORSRAMInit
    lcd.o(.text) refers to noretval__2printf.o(.text) for __2printf
    lcd.o(.text) refers to lcd.o(.constdata) for asc2_1206
    fdc2214.o(.text) refers to delay.o(.text) for delay_us
    fdc2214.o(.text) refers to stm32f10x_rcc.o(.text) for RCC_APB2PeriphClockCmd
    fdc2214.o(.text) refers to stm32f10x_gpio.o(.text) for GPIO_Init
    fdc2214.o(.text) refers to dflt_clz.o(x$fpl$dfltu) for __aeabi_ui2d
    fdc2214.o(.text) refers to ddiv.o(x$fpl$ddiv) for __aeabi_ddiv
    fdc2214.o(.text) refers to d2f.o(x$fpl$d2f) for __aeabi_d2f
    fdc2214.o(.text) refers to fmul.o(x$fpl$fmul) for __aeabi_fmul
    fdc2214.o(.text) refers to fdc2214.o(.data) for Data_FDC
    timer.o(.text) refers to stm32f10x_rcc.o(.text) for RCC_APB1PeriphClockCmd
    timer.o(.text) refers to stm32f10x_tim.o(.text) for TIM_TimeBaseInit
    timer.o(.text) refers to misc.o(.text) for NVIC_Init
    exti.o(.text) refers to key.o(.text) for KEY_Init
    exti.o(.text) refers to stm32f10x_rcc.o(.text) for RCC_APB2PeriphClockCmd
    exti.o(.text) refers to stm32f10x_gpio.o(.text) for GPIO_EXTILineConfig
    exti.o(.text) refers to stm32f10x_exti.o(.text) for EXTI_Init
    exti.o(.text) refers to misc.o(.text) for NVIC_Init
    exti.o(.text) refers to delay.o(.text) for delay_ms
    exti.o(.text) refers to main.o(.data) for mode_flag
    beep.o(.text) refers to stm32f10x_rcc.o(.text) for RCC_APB2PeriphClockCmd
    beep.o(.text) refers to stm32f10x_gpio.o(.text) for GPIO_Init
    delay.o(.text) refers to misc.o(.text) for SysTick_CLKSourceConfig
    delay.o(.text) refers to system_stm32f10x.o(.data) for SystemCoreClock
    delay.o(.text) refers to delay.o(.data) for fac_us
    usart.o(.text) refers (Special) to use_no_semi_2.o(.text) for __use_no_semihosting
    usart.o(.text) refers to stm32f10x_rcc.o(.text) for RCC_APB2PeriphClockCmd
    usart.o(.text) refers to stm32f10x_gpio.o(.text) for GPIO_Init
    usart.o(.text) refers to misc.o(.text) for NVIC_Init
    usart.o(.text) refers to stm32f10x_usart.o(.text) for USART_Init
    usart.o(.text) refers to usart.o(.data) for USART_RX_STA
[...]
    ../clib/printf.c                         0x00000000   Number         0  _printf_char_file.o ABSOLUTE
    ../clib/printf.c                         0x00000000   Number         0  _printf_intcommon.o ABSOLUTE
    ../clib/printf.c                         0x00000000   Number         0  noretval__2printf.o ABSOLUTE
    ../clib/printf.c                         0x00000000   Number         0  __2printf.o ABSOLUTE
    ../clib/printf.c                         0x00000000   Number         0  __printf_nopercent.o ABSOLUTE
    ../clib/printf.c                         0x00000000   Number         0  __printf.o ABSOLUTE
    ../clib/printf.c                         0x00000000   Number         0  _printf_hex_ll.o ABSOLUTE
    ../clib/printf.c                         0x00000000   Number         0  _printf_hex_int.o ABSOLUTE
    ../clib/printf.c                         0x00000000   Number         0  _printf_char_common.o ABSOLUTE
    ../clib/printf.c                         0x00000000   Number         0  _printf_hex_int_ll.o ABSOLUTE
    ../clib/printf.c                         0x00000000   Number         0  _printf_hex_ptr.o ABSOLUTE
    ../clib/printf.c                         0x00000000   Number         0  _printf_hex_int_ptr.o ABSOLUTE
    ../clib/printf.c                         0x00000000   Number         0  _printf_hex_ll_ptr.o ABSOLUTE
    ../clib/printf_percent.s                 0x00000000   Number         0  _printf_x.o ABSOLUTE
    ../clib/printf_percent.s                 0x00000000   Number         0  _printf_percent.o ABSOLUTE
    ../clib/printf_percent.s                 0x00000000   Number         0  _printf_percent_end.o ABSOLUTE
    ../clib/signal.c                         0x00000000   Number         0  defsig_rtred_inner.o ABSOLUTE
    ../clib/signal.c                         0x00000000   Number         0  defsig_rtmem_inner.o ABSOLUTE
    ../clib/signal.c                         0x00000000   Number         0  __raise.o ABSOLUTE
    ../clib/signal.c                         0x00000000   Number         0  defsig_general.o ABSOLUTE
    ../clib/signal.c                         0x00000000   Number         0  defsig_rtmem_outer.o ABSOLUTE
    ../clib/signal.c                         0x00000000   Number         0  defsig_other.o ABSOLUTE
    ../clib/signal.c                         0x00000000   Number         0  defsig_abrt_inner.o ABSOLUTE
    ../clib/signal.c                         0x00000000   Number         0  defsig_segv_inner.o ABSOLUTE
    ../clib/signal.c                         0x00000000   Number         0  defsig_cppl_inner.o ABSOLUTE
    ../clib/signal.c                         0x00000000   Number         0  defsig_pvfn_inner.o ABSOLUTE
    ../clib/signal.c                         0x00000000   Number         0  defsig_stak_inner.o ABSOLUTE
    ../clib/signal.c                         0x00000000   Number         0  defsig_fpe_inner.o ABSOLUTE
    ../clib/signal.c                         0x00000000   Number         0  defsig_exit.o ABSOLUTE
    ../clib/signal.c                         0x00000000   Number         0  defsig_rtmem_formal.o ABSOLUTE
    ../clib/signal.s                         0x00000000   Number         0  defsig.o ABSOLUTE
    ../clib/stdio.c                          0x00000000   Number         0  ferror_locked.o ABSOLUTE
    ../clib/stdio.c                          0x00000000   Number         0  ferror.o ABSOLUTE
    ../clib/stdlib.c                         0x00000000   Number         0  exit.o ABSOLUTE
    ../fplib/d2f.s                           0x00000000   Number         0  d2f.o ABSOLUTE
    ../fplib/dcmpi.s                         0x00000000   Number         0  dcmpi.o ABSOLUTE
    ../fplib/ddiv.s                          0x00000000   Number         0  ddiv.o ABSOLUTE
    ../fplib/dfixu.s                         0x00000000   Number         0  dfixu.o ABSOLUTE
    ../fplib/dflt.s                          0x00000000   Number         0  dflt_clz.o ABSOLUTE
    ../fplib/dleqf.s                         0x00000000   Number         0  dleqf.o ABSOLUTE
    ../fplib/dmul.s                          0x00000000   Number         0  dmul.o ABSOLUTE
    ../fplib/dnaninf.s                       0x00000000   Number         0  dnaninf.o ABSOLUTE
    ../fplib/dretinf.s                       0x00000000   Number         0  dretinf.o ABSOLUTE
    ../fplib/f2d.s                           0x00000000   Number         0  f2d.o ABSOLUTE
    ../fplib/faddsub.s                       0x00000000   Number         0  faddsub_clz.o ABSOLUTE
    ../fplib/fcmpi.s                         0x00000000   Number         0  fcmpi.o ABSOLUTE
    ../fplib/fdiv.s                          0x00000000   Number         0  fdiv.o ABSOLUTE
    ../fplib/feqf.s                          0x00000000   Number         0  feqf.o ABSOLUTE
    ../fplib/fflt.s                          0x00000000   Number         0  fflt_clz.o ABSOLUTE
    ../fplib/fleqf.s                         0x00000000   Number         0  fleqf.o ABSOLUTE
    ../fplib/fmul.s                          0x00000000   Number         0  fmul.o ABSOLUTE
    ../fplib/fnaninf.s                       0x00000000   Number         0  fnaninf.o ABSOLUTE
    ../fplib/fpinit.s                        0x00000000   Number         0  fpinit.o ABSOLUTE
    ../fplib/fretinf.s                       0x00000000   Number         0  fretinf.o ABSOLUTE
    ../fplib/frleqf.s                        0x00000000   Number         0  frleqf.o ABSOLUTE
    ../fplib/usenofp.s                       0x00000000   Number         0  usenofp.o ABSOLUTE
    ..\CORE\core_cm3.c                       0x00000000   Number         0  core_cm3.o ABSOLUTE
    ..\CORE\startup_stm32f10x_hd.s           0x00000000   Number         0  startup_stm32f10x_hd.o ABSOLUTE
    ..\HARDWARE\BEEP\beep.c                  0x00000000   Number         0  beep.o ABSOLUTE
    ..\HARDWARE\EXTI\exti.c                  0x00000000   Number         0  exti.o ABSOLUTE
    ..\HARDWARE\FDC2214\fdc2214.c            0x00000000   Number         0  fdc2214.o ABSOLUTE
    ..\HARDWARE\KEY\key.c                    0x00000000   Number         0  key.o ABSOLUTE
    ..\HARDWARE\LCD\lcd.c                    0x00000000   Number         0  lcd.o ABSOLUTE
    ..\HARDWARE\LED\led.c                    0x00000000   Number         0  led.o ABSOLUTE
    ..\HARDWARE\TIMER\timer.c                0x00000000   Number         0  timer.o ABSOLUTE
    ..\STM32F10x_FWLib\src\misc.c            0x00000000   Number         0  misc.o ABSOLUTE
    ..\STM32F10x_FWLib\src\stm32f10x_exti.c  0x00000000   Number         0  stm32f10x_exti.o ABSOLUTE
    ..\STM32F10x_FWLib\src\stm32f10x_fsmc.c  0x00000000   Number         0  stm32f10x_fsmc.o ABSOLUTE
    ..\STM32F10x_FWLib\src\stm32f10x_gpio.c  0x00000000   Number         0  stm32f10x_gpio.o ABSOLUTE
    ..\STM32F10x_FWLib\src\stm32f10x_rcc.c   0x00000000   Number         0  stm32f10x_rcc.o ABSOLUTE
    ..\STM32F10x_FWLib\src\stm32f10x_tim.c   0x00000000   Number         0  stm32f10x_tim.o ABSOLUTE
    ..\STM32F10x_FWLib\src\stm32f10x_usart.c 0x00000000   Number         0  stm32f10x_usart.o ABSOLUTE
    ..\SYSTEM\delay\delay.c                  0x00000000   Number         0  delay.o ABSOLUTE
    ..\SYSTEM\sys\sys.c                      0x00000000   Number         0  sys.o ABSOLUTE
    ..\SYSTEM\usart\usart.c                  0x00000000   Number         0  usart.o ABSOLUTE
    ..\\CORE\\core_cm3.c                     0x00000000   Number         0  core_cm3.o ABSOLUTE
    ..\\SYSTEM\\sys\\sys.c                   0x00000000   Number         0  sys.o ABSOLUTE
    dc.s                                     0x00000000   Number         0  dc.o ABSOLUTE
    main.c                                   0x00000000   Number         0  main.o ABSOLUTE
    stm32f10x_it.c                           0x00000000   Number         0  stm32f10x_it.o ABSOLUTE
    system_stm32f10x.c                       0x00000000   Number         0  system_stm32f10x.o ABSOLUTE
    RESET                                    0x08000000   Section      304  startup_stm32f10x_hd.o(RESET)
    !!!main                                  0x08000130   Section        8  __main.o(!!!main)
    !!!scatter                               0x08000138   Section       52  __scatter.o(!!!scatter)
    !!handler_copy                           0x0800016c   Section       26  __scatter_copy.o(!!handler_copy)
    !!handler_zi                             0x08000188   Section       28  __scatter_zi.o(!!handler_zi)
    .ARM.Collect$$_printf_percent$$00000000  0x080001a4   Section        0  _printf_percent.o(.ARM.Collect$$_printf_percent$$00000000)
    .ARM.Collect$$_printf_percent$$0000000C  0x080001a4   Section        6  _printf_x.o(.ARM.Collect$$_printf_percent$$0000000C)
    .ARM.Collect$$_printf_percent$$00000017  0x080001aa   Section        4  _printf_percent_end.o(.ARM.Collect$$_printf_percent$$00000017)
    .ARM.Collect$$libinit$$00000000          0x080001ae   Section        2  libinit.o(.ARM.Collect$$libinit$$00000000)
    .ARM.Collect$$libinit$$00000002          0x080001b0   Section        0  libinit2.o(.ARM.Collect$$libinit$$00000002)
    .ARM.Collect$$libinit$$00000004          0x080001b0   Section        0  libinit2.o(.ARM.Collect$$libinit$$00000004)
    .ARM.Collect$$libinit$$0000000A          0x080001b0   Section        0  libinit2.o(.ARM.Collect$$libinit$$0000000A)
    .ARM.Collect$$libinit$$0000000C          0x080001b0   Section        0  libinit2.o(.ARM.Collect$$libinit$$0000000C)
    .ARM.Collect$$libinit$$0000000E          0x080001b0   Section        0  libinit2.o(.ARM.Collect$$libinit$$0000000E)
    .ARM.Collect$$libinit$$00000011          0x080001b0   Section        0  libinit2.o(.ARM.Collect$$libinit$$00000011)
    .ARM.Collect$$libinit$$00000013          0x080001b0   Section        0  libinit2.o(.ARM.Collect$$libinit$$00000013)
    .ARM.Collect$$libinit$$00000015          0x080001b0   Section        0  libinit2.o(.ARM.Collect$$libinit$$00000015)
    .ARM.Collect$$libinit$$00000017          0x080001b0   Section        0  libinit2.o(.ARM.Collect$$libinit$$00000017)
    .ARM.Collect$$libinit$$00000019          0x080001b0   Section        0  libinit2.o(.ARM.Collect$$libinit$$00000019)
    .ARM.Collect$$libinit$$0000001B          0x080001b0   Section        0  libinit2.o(.ARM.Collect$$libinit$$0000001B)
    .ARM.Collect$$libinit$$0000001D          0x080001b0   Section        0  libinit2.o(.ARM.Collect$$libinit$$0000001D)
    .ARM.Collect$$libinit$$0000001F          0x080001b0   Section        0  libinit2.o(.ARM.Collect$$libinit$$0000001F)
    .ARM.Collect$$libinit$$00000021          0x080001b0   Section        0  libinit2.o(.ARM.Collect$$libinit$$00000021)
    .ARM.Collect$$libinit$$00000023          0x080001b0   Section        0  libinit2.o(.ARM.Collect$$libinit$$00000023)
    .ARM.Collect$$libinit$$00000025          0x080001b0   Section        0  libinit2.o(.ARM.Collect$$libinit$$00000025)
    .ARM.Collect$$libinit$$0000002C          0x080001b0   Section        0  libinit2.o(.ARM.Collect$$libinit$$0000002C)
    .ARM.Collect$$libinit$$0000002E          0x080001b0   Section        0  libinit2.o(.ARM.Collect$$libinit$$0000002E)
    .ARM.Collect$$libinit$$00000030          0x080001b0   Section        0  libinit2.o(.ARM.Collect$$libinit$$00000030)
    .ARM.Collect$$libinit$$00000032          0x080001b0   Section        0  libinit2.o(.ARM.Collect$$libinit$$00000032)
    .ARM.Collect$$libinit$$00000033          0x080001b0   Section        2  libinit2.o(.ARM.Collect$$libinit$$00000033)
    .ARM.Collect$$libshutdown$$00000000      0x080001b2   Section        2  libshutdown.o(.ARM.Collect$$libshutdown$$00000000)
    .ARM.Collect$$libshutdown$$00000003      0x080001b4   Section        0  libshutdown2.o(.ARM.Collect$$libshutdown$$00000003)
    .ARM.Collect$$libshutdown$$00000006      0x080001b4   Section        0  libshutdown2.o(.ARM.Collect$$libshutdown$$00000006)
    .ARM.Collect$$libshutdown$$00000009      0x080001b4   Section        0  libshutdown2.o(.ARM.Collect$$libshutdown$$00000009)
    .ARM.Collect$$libshutdown$$0000000B      0x080001b4   Section        0  libshutdown2.o(.ARM.Collect$$libshutdown$$0000000B)
    .ARM.Collect$$libshutdown$$0000000E      0x080001b4   Section        0  libshutdown2.o(.ARM.Collect$$libshutdown$$0000000E)
    .ARM.Collect$$libshutdown$$0000000F      0x080001b4   Section        2  libshutdown2.o(.ARM.Collect$$libshutdown$$0000000F)
    .ARM.Collect$$rtentry$$00000000          0x080001b6   Section        0  __rtentry.o(.ARM.Collect$$rtentry$$00000000)
    .ARM.Collect$$rtentry$$00000002          0x080001b6   Section        0  __rtentry2.o(.ARM.Collect$$rtentry$$00000002)
    .ARM.Collect$$rtentry$$00000004          0x080001b6   Section        6  __rtentry4.o(.ARM.Collect$$rtentry$$00000004)
    .ARM.Collect$$rtentry$$00000009          0x080001bc   Section        0  __rtentry2.o(.ARM.Collect$$rtentry$$00000009)
    .ARM.Collect$$rtentry$$0000000A          0x080001bc   Section        4  __rtentry2.o(.ARM.Collect$$rtentry$$0000000A)
    .ARM.Collect$$rtentry$$0000000C          0x080001c0   Section        0  __rtentry2.o(.ARM.Collect$$rtentry$$0000000C)
    .ARM.Collect$$rtentry$$0000000D          0x080001c0   Section        8  __rtentry2.o(.ARM.Collect$$rtentry$$0000000D)
    .ARM.Collect$$rtexit$$00000000           0x080001c8   Section        2  rtexit.o(.ARM.Collect$$rtexit$$00000000)
    .ARM.Collect$$rtexit$$00000002           0x080001ca   Section        0  rtexit2.o(.ARM.Collect$$rtexit$$00000002)
    .ARM.Collect$$rtexit$$00000003           0x080001ca   Section        4  rtexit2.o(.ARM.Collect$$rtexit$$00000003)
    .ARM.Collect$$rtexit$$00000004           0x080001ce   Section        6  rtexit2.o(.ARM.Collect$$rtexit$$00000004)
    .text                                    0x080001d4   Section        0  main.o(.text)
    .text                                    0x080015b0   Section        0  stm32f10x_it.o(.text)
    .text                                    0x080015cc   Section        0  system_stm32f10x.o(.text)
    SetSysClockTo72                          0x080015cd   Thumb Code   214  system_stm32f10x.o(.text)
    SetSysClock                              0x080016a3   Thumb Code     8  system_stm32f10x.o(.text)
    .text                                    0x080017ac   Section        0  led.o(.text)
    .text                                    0x080017f8   Section        0  key.o(.text)
    .text                                    0x080018f0   Section        0  lcd.o(.text)
    .text                                    0x08006348   Section        0  fdc2214.o(.text)
    .text                                    0x080067ac   Section        0  timer.o(.text)
    .text                                    0x0800680c   Section        0  exti.o(.text)
    .text                                    0x08006a18   Section        0  beep.o(.text)
    .text                                    0x08006a50   Section        0  delay.o(.text)
    .text                                    0x08006b24   Section        0  usart.o(.text)
    .text                                    0x08006c64   Section       64  startup_stm32f10x_hd.o(.text)
    .text                                    0x08006ca4   Section        0  misc.o(.text)
    .text                                    0x08006d80   Section        0  stm32f10x_fsmc.o(.text)
    .text                                    0x0800738c   Section        0  stm32f10x_gpio.o(.text)
    .text                                    0x080076e8   Section        0  stm32f10x_rcc.o(.text)
    .text                                    0x08007a8c   Section        0  stm32f10x_usart.o(.text)
    .text                                    0x08007e94   Section        0  stm32f10x_tim.o(.text)
    TI4_Config                               0x0800833b   Thumb Code   130  stm32f10x_tim.o(.text)
    TI3_Config                               0x080083cf   Thumb Code   122  stm32f10x_tim.o(.text)
    TI2_Config                               0x08008463   Thumb Code   130  stm32f10x_tim.o(.text)
    TI1_Config                               0x080084f7   Thumb Code   108  stm32f10x_tim.o(.text)
    .text                                    0x08008cb0   Section        0  stm32f10x_exti.o(.text)
    .text                                    0x08008dcc   Section        2  use_no_semi_2.o(.text)
    .text                                    0x08008dd0   Section        0  noretval__2printf.o(.text)
    .text                                    0x08008de8   Section        0  __printf.o(.text)
    .text                                    0x08008e50   Section        0  _printf_hex_int.o(.text)
    .text                                    0x08008ea8   Section        0  heapauxi.o(.text)
    .text                                    0x08008eae   Section        2  use_no_semi.o(.text)
    .text                                    0x08008eb0   Section        0  _printf_intcommon.o(.text)
    .text                                    0x08008f64   Section        0  _printf_char_file.o(.text)
    .text                                    0x08008f88   Section        0  _printf_char_common.o(.text)
    _printf_input_char                       0x08008f89   Thumb Code    10  _printf_char_common.o(.text)
    .text                                    0x08008fb8   Section        0  ferror.o(.text)
    .text                                    0x08008fc0   Section       74  sys_stackheap_outer.o(.text)
    .text                                    0x0800900a   Section        0  exit.o(.text)
    .text                                    0x08009018   Section        8  libspace.o(.text)
    x$fpl$d2f                                0x08009020   Section       98  d2f.o(x$fpl$d2f)
    x$fpl$dcmpinf                            0x08009082   Section       24  dcmpi.o(x$fpl$dcmpinf)
    x$fpl$ddiv                               0x0800909c   Section      688  ddiv.o(x$fpl$ddiv)
    ddiv_entry                               0x080090a3   Thumb Code     0  ddiv.o(x$fpl$ddiv)
    x$fpl$dfixu                              0x0800934c   Section       90  dfixu.o(x$fpl$dfixu)
    x$fpl$dfltu                              0x080093a6   Section       38  dflt_clz.o(x$fpl$dfltu)
    x$fpl$dleqf                              0x080093cc   Section      120  dleqf.o(x$fpl$dleqf)
    x$fpl$dmul                               0x08009444   Section      340  dmul.o(x$fpl$dmul)
    x$fpl$dnaninf                            0x08009598   Section      156  dnaninf.o(x$fpl$dnaninf)
    x$fpl$dretinf                            0x08009634   Section       12  dretinf.o(x$fpl$dretinf)
    x$fpl$f2d                                0x08009640   Section       86  f2d.o(x$fpl$f2d)
    x$fpl$fadd                               0x08009698   Section      196  faddsub_clz.o(x$fpl$fadd)
    _fadd1                                   0x080096a7   Thumb Code     0  faddsub_clz.o(x$fpl$fadd)
    x$fpl$fcmpinf                            0x0800975c   Section       24  fcmpi.o(x$fpl$fcmpinf)
    x$fpl$fdiv                               0x08009774   Section      388  fdiv.o(x$fpl$fdiv)
    _fdiv1                                   0x08009775   Thumb Code     0  fdiv.o(x$fpl$fdiv)
    x$fpl$feqf                               0x080098f8   Section      104  feqf.o(x$fpl$feqf)
    x$fpl$ffltu                              0x08009960   Section       38  fflt_clz.o(x$fpl$ffltu)
    x$fpl$fleqf                              0x08009988   Section      104  fleqf.o(x$fpl$fleqf)
    x$fpl$fmul                               0x080099f0   Section      258  fmul.o(x$fpl$fmul)
    x$fpl$fnaninf                            0x08009af2   Section      140  fnaninf.o(x$fpl$fnaninf)
    x$fpl$fretinf                            0x08009b7e   Section       10  fretinf.o(x$fpl$fretinf)
    x$fpl$frleqf                             0x08009b88   Section       98  frleqf.o(x$fpl$frleqf)
    x$fpl$fsub                               0x08009bec   Section      234  faddsub_clz.o(x$fpl$fsub)
    _fsub1                                   0x08009bfb   Thumb Code     0  faddsub_clz.o(x$fpl$fsub)
    .constdata                               0x08009cd6   Section     6080  lcd.o(.constdata)
    x$fpl$usenofp                            0x08009cd6   Section        0  usenofp.o(x$fpl$usenofp)
    .constdata                               0x0800b496   Section       40  _printf_hex_int.o(.constdata)
    uc_hextab                                0x0800b496   Data          20  _printf_hex_int.o(.constdata)
    lc_hextab                                0x0800b4aa   Data          20  _printf_hex_int.o(.constdata)
    .data                                    0x20000000   Section       92  main.o(.data)
    .data                                    0x2000005c   Section       20  system_stm32f10x.o(.data)
    .data                                    0x20000070   Section        1  key.o(.data)
    key_up                                   0x20000070   Data           1  key.o(.data)
    .data                                    0x20000072   Section        4  lcd.o(.data)
    .data                                    0x20000078   Section        4  fdc2214.o(.data)
    .data                                    0x2000007c   Section        4  delay.o(.data)
    fac_us                                   0x2000007c   Data           1  delay.o(.data)
    fac_ms                                   0x2000007e   Data           2  delay.o(.data)
    .data                                    0x20000080   Section        6  usart.o(.data)
    .data                                    0x20000086   Section       20  stm32f10x_rcc.o(.data)
    APBAHBPrescTable                         0x20000086   Data          16  stm32f10x_rcc.o(.data)
    ADCPrescTable                            0x20000096   Data           4  stm32f10x_rcc.o(.data)
    .bss                                     0x2000009c   Section      176  main.o(.bss)
    .bss                                     0x2000014c   Section       14  lcd.o(.bss)
    .bss                                     0x2000015a   Section      200  usart.o(.bss)
    .bss                                     0x20000224   Section       96  libspace.o(.bss)
    HEAP                                     0x20000288   Section      512  startup_stm32f10x_hd.o(HEAP)
    Heap_Mem                                 0x20000288   Data         512  startup_stm32f10x_hd.o(HEAP)
    STACK                                    0x20000488   Section     1024  startup_stm32f10x_hd.o(STACK)
    Stack_Mem                                0x20000488   Data        1024  startup_stm32f10x_hd.o(STACK)
    __initial_sp                             0x20000888   Data           0  startup_stm32f10x_hd.o(STACK)

    Global Symbols

    Symbol Name                              Value     Ov Type        Size  Object(Section)

    BuildAttributes$$THM_ISAv4$P$D$K$B$S$PE$A:L22UL41UL21$X:L11$S22US41US21$IEEE1$IW$USESV6$~STKCKD$USESV7$~SHL$OSPACE$ROPI$EBA8$UX$STANDARDLIB$REQ8$PRES8$EABIv2 0x00000000   Number         0  anon$$obj.o ABSOLUTE
    __ARM_use_no_argv                        0x00000000   Number         0  main.o ABSOLUTE
    __ARM_exceptions_init                     - Undefined Weak Reference
    __alloca_initialize                       - Undefined Weak Reference
    __arm_preinit_                            - Undefined Weak Reference
    __cpp_initialize__aeabi_                  - Undefined Weak Reference
    __cxa_finalize                            - Undefined Weak Reference
    __rt_locale                               - Undefined Weak Reference
    __sigvec_lookup                           - Undefined Weak Reference
    _atexit_init                              - Undefined Weak Reference
    _call_atexit_fns                          - Undefined Weak Reference
    _clock_init                               - Undefined Weak Reference
    _fp_trap_init                             - Undefined Weak Reference
    _fp_trap_shutdown                         - Undefined Weak Reference
    _get_lc_collate                           - Undefined Weak Reference
    _get_lc_ctype                             - Undefined Weak Reference
    _get_lc_monetary                          - Undefined Weak Reference
    _get_lc_numeric                           - Undefined Weak Reference
    _get_lc_time                              - Undefined Weak Reference
    _getenv_init                              - Undefined Weak Reference
    _handle_redirection                       - Undefined Weak Reference
    _init_alloc                               - Undefined Weak Reference
    _init_user_alloc                          - Undefined Weak Reference
    _initio                                   - Undefined Weak Reference
    _mutex_acquire                            - Undefined Weak Reference
    _mutex_release                            - Undefined Weak Reference
    _printf_post_padding                      - Undefined Weak Reference
    _printf_pre_padding                       - Undefined Weak Reference
    _printf_truncate_unsigned                 - Undefined Weak Reference
    _rand_init                                - Undefined Weak Reference
    _signal_finish                            - Undefined Weak Reference
    _signal_init                              - Undefined Weak Reference
    _terminate_alloc                          - Undefined Weak Reference
    _terminate_user_alloc                     - Undefined Weak Reference
    _terminateio                              - Undefined Weak Reference
    __Vectors_Size                           0x00000130   Number         0  startup_stm32f10x_hd.o ABSOLUTE
    __Vectors                                0x08000000   Data           4  startup_stm32f10x_hd.o(RESET)
    __Vectors_End                            0x08000130   Data           0  startup_stm32f10x_hd.o(RESET)
    __main                                   0x08000131   Thumb Code     8  __main.o(!!!main)
    __scatterload                            0x08000139   Thumb Code     0  __scatter.o(!!!scatter)
    __scatterload_rt2                        0x08000139   Thumb Code    44  __scatter.o(!!!scatter)
    __scatterload_rt2_thumb_only             0x08000139   Thumb Code     0  __scatter.o(!!!scatter)
    __scatterload_null                       0x08000147   Thumb Code     0  __scatter.o(!!!scatter)
    __scatterload_copy                       0x0800016d   Thumb Code    26  __scatter_copy.o(!!handler_copy)
    __scatterload_zeroinit                   0x08000189   Thumb Code    28  __scatter_zi.o(!!handler_zi)
    _printf_percent                          0x080001a5   Thumb Code     0  _printf_percent.o(.ARM.Collect$$_printf_percent$$00000000)
    _printf_x                                0x080001a5   Thumb Code     0  _printf_x.o(.ARM.Collect$$_printf_percent$$0000000C)
    _printf_percent_end                      0x080001ab   Thumb Code     0  _printf_percent_end.o(.ARM.Collect$$_printf_percent$$00000017)
    __rt_lib_init                            0x080001af   Thumb Code     0  libinit.o(.ARM.Collect$$libinit$$00000000)
    __rt_lib_init_alloca_1                   0x080001b1   Thumb Code     0  libinit2.o(.ARM.Collect$$libinit$$0000002E)
    __rt_lib_init_argv_1                     0x080001b1   Thumb Code     0  libinit2.o(.ARM.Collect$$libinit$$0000002C)
    __rt_lib_init_atexit_1                   0x080001b1   Thumb Code     0  libinit2.o(.ARM.Collect$$libinit$$0000001B)
    __rt_lib_init_clock_1                    0x080001b1   Thumb Code     0  libinit2.o(.ARM.Collect$$libinit$$00000021)
    __rt_lib_init_cpp_1                      0x080001b1   Thumb Code     0  libinit2.o(.ARM.Collect$$libinit$$00000032)
    __rt_lib_init_exceptions_1               0x080001b1   Thumb Code     0  libinit2.o(.ARM.Collect$$libinit$$00000030)
    __rt_lib_init_fp_1                       0x080001b1   Thumb Code     0  libinit2.o(.ARM.Collect$$libinit$$00000002)
    __rt_lib_init_fp_trap_1                  0x080001b1   Thumb Code     0  libinit2.o(.ARM.Collect$$libinit$$0000001F)
    __rt_lib_init_getenv_1                   0x080001b1   Thumb Code     0  libinit2.o(.ARM.Collect$$libinit$$00000023)
    __rt_lib_init_heap_1                     0x080001b1   Thumb Code     0  libinit2.o(.ARM.Collect$$libinit$$0000000A)
    __rt_lib_init_lc_collate_1               0x080001b1   Thumb Code     0  libinit2.o(.ARM.Collect$$libinit$$00000011)
    __rt_lib_init_lc_ctype_1                 0x080001b1   Thumb Code     0  libinit2.o(.ARM.Collect$$libinit$$00000013)
    __rt_lib_init_lc_monetary_1              0x080001b1   Thumb Code     0  libinit2.o(.ARM.Collect$$libinit$$00000015)
    __rt_lib_init_lc_numeric_1               0x080001b1   Thumb Code     0  libinit2.o(.ARM.Collect$$libinit$$00000017)
    __rt_lib_init_lc_time_1                  0x080001b1   Thumb Code     0  libinit2.o(.ARM.Collect$$libinit$$00000019)
    __rt_lib_init_preinit_1                  0x080001b1   Thumb Code     0  libinit2.o(.ARM.Collect$$libinit$$00000004)
    __rt_lib_init_rand_1                     0x080001b1   Thumb Code     0  libinit2.o(.ARM.Collect$$libinit$$0000000E)
    __rt_lib_init_return                     0x080001b1   Thumb Code     0  libinit2.o(.ARM.Collect$$libinit$$00000033)
    __rt_lib_init_signal_1                   0x080001b1   Thumb Code     0  libinit2.o(.ARM.Collect$$libinit$$0000001D)
    __rt_lib_init_stdio_1                    0x080001b1   Thumb Code     0  libinit2.o(.ARM.Collect$$libinit$$00000025)
    __rt_lib_init_user_alloc_1               0x080001b1   Thumb Code     0  libinit2.o(.ARM.Collect$$libinit$$0000000C)
    __rt_lib_shutdown                        0x080001b3   Thumb Code     0  libshutdown.o(.ARM.Collect$$libshutdown$$00000000)
    __rt_lib_shutdown_fp_trap_1              0x080001b5   Thumb Code     0  libshutdown2.o(.ARM.Collect$$libshutdown$$00000006)
    __rt_lib_shutdown_heap_1                 0x080001b5   Thumb Code     0  libshutdown2.o(.ARM.Collect$$libshutdown$$0000000E)
    __rt_lib_shutdown_return                 0x080001b5   Thumb Code     0  libshutdown2.o(.ARM.Collect$$libshutdown$$0000000F)
    __rt_lib_shutdown_signal_1               0x080001b5   Thumb Code     0  libshutdown2.o(.ARM.Collect$$libshutdown$$00000009)
    __rt_lib_shutdown_stdio_1                0x080001b5   Thumb Code     0  libshutdown2.o(.ARM.Collect$$libshutdown$$00000003)
    __rt_lib_shutdown_user_alloc_1           0x080001b5   Thumb Code     0  libshutdown2.o(.ARM.Collect$$libshutdown$$0000000B)
    __rt_entry                               0x080001b7   Thumb Code     0  __rtentry.o(.ARM.Collect$$rtentry$$00000000)
    __rt_entry_presh_1                       0x080001b7   Thumb Code     0  __rtentry2.o(.ARM.Collect$$rtentry$$00000002)
    __rt_entry_sh                            0x080001b7   Thumb Code     0  __rtentry4.o(.ARM.Collect$$rtentry$$00000004)
    __rt_entry_li                            0x080001bd   Thumb Code     0  __rtentry2.o(.ARM.Collect$$rtentry$$0000000A)
    __rt_entry_postsh_1                      0x080001bd   Thumb Code     0  __rtentry2.o(.ARM.Collect$$rtentry$$00000009)
    __rt_entry_main                          0x080001c1   Thumb Code     0  __rtentry2.o(.ARM.Collect$$rtentry$$0000000D)
    __rt_entry_postli_1                      0x080001c1   Thumb Code     0  __rtentry2.o(.ARM.Collect$$rtentry$$0000000C)
    __rt_exit                                0x080001c9   Thumb Code     0  rtexit.o(.ARM.Collect$$rtexit$$00000000)
    __rt_exit_ls                             0x080001cb   Thumb Code     0  rtexit2.o(.ARM.Collect$$rtexit$$00000003)
    __rt_exit_prels_1                        0x080001cb   Thumb Code     0  rtexit2.o(.ARM.Collect$$rtexit$$00000002)
    __rt_exit_exit                           0x080001cf   Thumb Code     0  rtexit2.o(.ARM.Collect$$rtexit$$00000004)
    compute                                  0x080001d5   Thumb Code    66  main.o(.text)
    Sys_Init                                 0x08000217   Thumb Code    60  main.o(.text)
    main                                     0x08000253   Thumb Code  2668  main.o(.text)
    TIM3_IRQHandler                          0x08000cbf   Thumb Code  2268  main.o(.text)
    NMI_Handler                              0x080015b1   Thumb Code     2  stm32f10x_it.o(.text)
    HardFault_Handler                        0x080015b3   Thumb Code     4  stm32f10x_it.o(.text)
    MemManage_Handler                        0x080015b7   Thumb Code     4  stm32f10x_it.o(.text)
    BusFault_Handler                         0x080015bb   Thumb Code     4  stm32f10x_it.o(.text)
    UsageFault_Handler                       0x080015bf   Thumb Code     4  stm32f10x_it.o(.text)
    SVC_Handler                              0x080015c3   Thumb Code     2  stm32f10x_it.o(.text)
    DebugMon_Handler                         0x080015c5   Thumb Code     2  stm32f10x_it.o(.text)
    PendSV_Handler                           0x080015c7   Thumb Code     2  stm32f10x_it.o(.text)
    SysTick_Handler                          0x080015c9   Thumb Code     2  stm32f10x_it.o(.text)
    SystemInit                               0x080016ab   Thumb Code    78  system_stm32f10x.o(.text)
    SystemCoreClockUpdate                    0x080016f9   Thumb Code   142  system_stm32f10x.o(.text)
    LED_Init                                 0x080017ad   Thumb Code    68  led.o(.text)
    KEY_Init                                 0x080017f9   Thumb Code    82  key.o(.text)
    KEY_Scan                                 0x0800184b   Thumb Code   150  key.o(.text)
    LCD_WR_REG                               0x080018f1   Thumb Code     6  lcd.o(.text)
    LCD_WR_DATA                              0x080018f7   Thumb Code     8  lcd.o(.text)
    LCD_RD_DATA                              0x080018ff   Thumb Code    16  lcd.o(.text)
    LCD_WriteReg                             0x0800190f   Thumb Code    10  lcd.o(.text)
    LCD_ReadReg                              0x08001919   Thumb Code    22  lcd.o(.text)
    LCD_WriteRAM_Prepare                     0x0800192f   Thumb Code    10  lcd.o(.text)
    LCD_WriteRAM                             0x08001939   Thumb Code     8  lcd.o(.text)
    LCD_BGR2RGB                              0x08001941   Thumb Code    26  lcd.o(.text)
    opt_delay                                0x0800195b   Thumb Code    14  lcd.o(.text)
    LCD_SetCursor                            0x08001969   Thumb Code   418  lcd.o(.text)
    LCD_ReadPoint                            0x08001b0b   Thumb Code   360  lcd.o(.text)
    LCD_DisplayOn                            0x08001c73   Thumb Code   102  lcd.o(.text)
    LCD_DisplayOff                           0x08001cd9   Thumb Code    90  lcd.o(.text)
    LCD_Scan_Dir                             0x08001d33   Thumb Code   744  lcd.o(.text)
    LCD_DrawPoint                            0x0800201b   Thumb Code    28  lcd.o(.text)
    LCD_Fast_DrawPoint                       0x08002037   Thumb Code   384  lcd.o(.text)
    LCD_SSD_BackLightSet                     0x080021b7   Thumb Code    80  lcd.o(.text)
    LCD_Display_Dir                          0x08002207   Thumb Code   444  lcd.o(.text)
    LCD_Set_Window                           0x080023c3   Thumb Code   540  lcd.o(.text)
    LCD_Clear                                0x080025df   Thumb Code   100  lcd.o(.text)
    LCD_Init                                 0x08002643   Thumb Code 14184  lcd.o(.text)
    LCD_Fill                                 0x08005dab   Thumb Code   178  lcd.o(.text)
    LCD_Color_Fill                           0x08005e5d   Thumb Code   106  lcd.o(.text)
    LCD_DrawLine                             0x08005ec7   Thumb Code   176  lcd.o(.text)
    LCD_DrawRectangle                        0x08005f77   Thumb Code    60  lcd.o(.text)
    LCD_Draw_Circle                          0x08005fb3   Thumb Code   152  lcd.o(.text)
    LCD_ShowChar                             0x0800604b   Thumb Code   272  lcd.o(.text)
    LCD_Pow                                  0x0800615b   Thumb Code    22  lcd.o(.text)
    LCD_ShowNum                              0x08006171   Thumb Code   148  lcd.o(.text)
    LCD_ShowxNum                             0x08006205   Thumb Code   220  lcd.o(.text)
    LCD_ShowString                           0x080062e1   Thumb Code   102  lcd.o(.text)
    FDC_IIC_Delay                            0x08006349   Thumb Code    10  fdc2214.o(.text)
    FDC_GPIO_Init                            0x08006353   Thumb Code     2  fdc2214.o(.text)
    FDC_IIC_Init                             0x08006355   Thumb Code    46  fdc2214.o(.text)
    FDC_IIC_Start                            0x08006383   Thumb Code    60  fdc2214.o(.text)
    FDC_IIC_Stop                             0x080063bf   Thumb Code    62  fdc2214.o(.text)
    FDC_IIC_Wait_Ack                         0x080063fd   Thumb Code    86  fdc2214.o(.text)
    FDC_IIC_Ack                              0x08006453   Thumb Code    66  fdc2214.o(.text)
    FDC_IIC_NAck                             0x08006495   Thumb Code    66  fdc2214.o(.text)
    FDC_IIC_Send_Byte                        0x080064d7   Thumb Code    82  fdc2214.o(.text)
    FDC_IIC_Read_Byte                        0x08006529   Thumb Code    96  fdc2214.o(.text)
    Set_FDC2214                              0x08006589   Thumb Code    90  fdc2214.o(.text)
    FDC_Read                                 0x080065e3   Thumb Code    66  fdc2214.o(.text)
    FCD2214_ReadCH                           0x08006625   Thumb Code   120  fdc2214.o(.text)
    FDC2214_Init                             0x0800669d   Thumb Code   200  fdc2214.o(.text)
    Cap_Calculate                            0x08006765   Thumb Code    58  fdc2214.o(.text)
    TIM3_Int_Init                            0x080067ad   Thumb Code    90  timer.o(.text)
    EXTIX_Init                               0x0800680d   Thumb Code   314  exti.o(.text)
    EXTI0_IRQHandler                         0x08006947   Thumb Code    32  exti.o(.text)
    EXTI1_IRQHandler                         0x08006967   Thumb Code    32  exti.o(.text)
    EXTI2_IRQHandler                         0x08006987   Thumb Code    36  exti.o(.text)
    EXTI9_5_IRQHandler                       0x080069ab   Thumb Code    32  exti.o(.text)
    EXTI4_IRQHandler                         0x080069cb   Thumb Code    32  exti.o(.text)
    EXTI3_IRQHandler                         0x080069eb   Thumb Code    32  exti.o(.text)
    BEEP_Init                                0x08006a19   Thumb Code    50  beep.o(.text)
    delay_init                               0x08006a51   Thumb Code    50  delay.o(.text)
    delay_us                                 0x08006a83   Thumb Code    72  delay.o(.text)
    delay_ms                                 0x08006acb   Thumb Code    72  delay.o(.text)
    _sys_exit                                0x08006b25   Thumb Code     6  usart.o(.text)
    fputc                                    0x08006b2b   Thumb Code    24  usart.o(.text)
    uart_init                                0x08006b43   Thumb Code   152  usart.o(.text)
    USART1_IRQHandler                        0x08006bdb   Thumb Code   122  usart.o(.text)
    Reset_Handler                            0x08006c65   Thumb Code     8  startup_stm32f10x_hd.o(.text)
    ADC1_2_IRQHandler                        0x08006c7f   Thumb Code     0  startup_stm32f10x_hd.o(.text)
    ADC3_IRQHandler                          0x08006c7f   Thumb Code     0  startup_stm32f10x_hd.o(.text)
    CAN1_RX1_IRQHandler                      0x08006c7f   Thumb Code     0  startup_stm32f10x_hd.o(.text)
    CAN1_SCE_IRQHandler                      0x08006c7f   Thumb Code     0  startup_stm32f10x_hd.o(.text)
    DMA1_Channel1_IRQHandler                 0x08006c7f   Thumb Code     0  startup_stm32f10x_hd.o(.text)
    DMA1_Channel2_IRQHandler                 0x08006c7f   Thumb Code     0  startup_stm32f10x_hd.o(.text)
    DMA1_Channel3_IRQHandler                 0x08006c7f   Thumb Code     0  startup_stm32f10x_hd.o(.text)
    DMA1_Channel4_IRQHandler                 0x08006c7f   Thumb Code     0  startup_stm32f10x_hd.o(.text)
    DMA1_Channel5_IRQHandler                 0x08006c7f   Thumb Code     0  startup_stm32f10x_hd.o(.text)
    DMA1_Channel6_IRQHandler                 0x08006c7f   Thumb Code     0  startup_stm32f10x_hd.o(.text)
    DMA1_Channel7_IRQHandler                 0x08006c7f   Thumb Code     0  startup_stm32f10x_hd.o(.text)
    DMA2_Channel1_IRQHandler                 0x08006c7f   Thumb Code     0  startup_stm32f10x_hd.o(.text)
    DMA2_Channel2_IRQHandler                 0x08006c7f   Thumb Code     0  startup_stm32f10x_hd.o(.text)
    DMA2_Channel3_IRQHandler                 0x08006c7f   Thumb Code     0  startup_stm32f10x_hd.o(.text)
    DMA2_Channel4_5_IRQHandler               0x08006c7f   Thumb Code     0  startup_stm32f10x_hd.o(.text)
    EXTI15_10_IRQHandler                     0x08006c7f   Thumb Code     0  startup_stm32f10x_hd.o(.text)
    FLASH_IRQHandler                         0x08006c7f   Thumb Code     0  startup_stm32f10x_hd.o(.text)
    FSMC_IRQHandler                          0x08006c7f   Thumb Code     0  startup_stm32f10x_hd.o(.text)
    I2C1_ER_IRQHandler                       0x08006c7f   Thumb Code     0  startup_stm32f10x_hd.o(.text)
    I2C1_EV_IRQHandler                       0x08006c7f   Thumb Code     0  startup_stm32f10x_hd.o(.text)
    I2C2_ER_IRQHandler                       0x08006c7f   Thumb Code     0  startup_stm32f10x_hd.o(.text)
    I2C2_EV_IRQHandler                       0x08006c7f   Thumb Code     0  startup_stm32f10x_hd.o(.text)
    PVD_IRQHandler                           0x08006c7f   Thumb Code     0  startup_stm32f10x_hd.o(.text)
    RCC_IRQHandler                           0x08006c7f   Thumb Code     0  startup_stm32f10x_hd.o(.text)
    RTCAlarm_IRQHandler                      0x08006c7f   Thumb Code     0  startup_stm32f10x_hd.o(.text)
    RTC_IRQHandler                           0x08006c7f   Thumb Code     0  startup_stm32f10x_hd.o(.text)
    SDIO_IRQHandler                          0x08006c7f   Thumb Code     0  startup_stm32f10x_hd.o(.text)
    SPI1_IRQHandler                          0x08006c7f   Thumb Code     0  startup_stm32f10x_hd.o(.text)
    SPI2_IRQHandler                          0x08006c7f   Thumb Code     0  startup_stm32f10x_hd.o(.text)
    SPI3_IRQHandler                          0x08006c7f   Thumb Code     0  startup_stm32f10x_hd.o(.text)
    TAMPER_IRQHandler                        0x08006c7f   Thumb Code     0  startup_stm32f10x_hd.o(.text)
    TIM1_BRK_IRQHandler                      0x08006c7f   Thumb Code     0  startup_stm32f10x_hd.o(.text)
    TIM1_CC_IRQHandler                       0x08006c7f   Thumb Code     0  startup_stm32f10x_hd.o(.text)
    TIM1_TRG_COM_IRQHandler                  0x08006c7f   Thumb Code     0  startup_stm32f10x_hd.o(.text)
    TIM1_UP_IRQHandler                       0x08006c7f   Thumb Code     0  startup_stm32f10x_hd.o(.text)
    TIM2_IRQHandler                          0x08006c7f   Thumb Code     0  startup_stm32f10x_hd.o(.text)
    TIM4_IRQHandler                          0x08006c7f   Thumb Code     0  startup_stm32f10x_hd.o(.text)
    TIM5_IRQHandler                          0x08006c7f   Thumb Code     0  startup_stm32f10x_hd.o(.text)
    TIM6_IRQHandler                          0x08006c7f   Thumb Code     0  startup_stm32f10x_hd.o(.text)
    TIM7_IRQHandler                          0x08006c7f   Thumb Code     0  startup_stm32f10x_hd.o(.text)
    TIM8_BRK_IRQHandler                      0x08006c7f   Thumb Code     0  startup_stm32f10x_hd.o(.text)
    TIM8_CC_IRQHandler                       0x08006c7f   Thumb Code     0  startup_stm32f10x_hd.o(.text)
    TIM8_TRG_COM_IRQHandler                  0x08006c7f   Thumb Code     0  startup_stm32f10x_hd.o(.text)
    TIM8_UP_IRQHandler                       0x08006c7f   Thumb Code     0  startup_stm32f10x_hd.o(.text)
    UART4_IRQHandler                         0x08006c7f   Thumb Code     0  startup_stm32f10x_hd.o(.text)
    UART5_IRQHandler                         0x08006c7f   Thumb Code     0  startup_stm32f10x_hd.o(.text)
    USART2_IRQHandler                        0x08006c7f   Thumb Code     0  startup_stm32f10x_hd.o(.text)
    USART3_IRQHandler                        0x08006c7f   Thumb Code     0  startup_stm32f10x_hd.o(.text)
    USBWakeUp_IRQHandler                     0x08006c7f   Thumb Code     0  startup_stm32f10x_hd.o(.text)
    USB_HP_CAN1_TX_IRQHandler                0x08006c7f   Thumb Code     0  startup_stm32f10x_hd.o(.text)
    USB_LP_CAN1_RX0_IRQHandler               0x08006c7f   Thumb Code     0  startup_stm32f10x_hd.o(.text)
    WWDG_IRQHandler                          0x08006c7f   Thumb Code     0  startup_stm32f10x_hd.o(.text)
    __user_initial_stackheap                 0x08006c81   Thumb Code     0  startup_stm32f10x_hd.o(.text)
    NVIC_PriorityGroupConfig                 0x08006ca5   Thumb Code    10  misc.o(.text)
    NVIC_Init                                0x08006caf   Thumb Code   100  misc.o(.text)
    NVIC_SetVectorTable                      0x08006d13   Thumb Code    14  misc.o(.text)
    NVIC_SystemLPConfig                      0x08006d21   Thumb Code    34  misc.o(.text)
    SysTick_CLKSourceConfig                  0x08006d43   Thumb Code    40  misc.o(.text)
    FSMC_NORSRAMDeInit                       0x08006d81   Thumb Code    54  stm32f10x_fsmc.o(.text)
    FSMC_NANDDeInit                          0x08006db7   Thumb Code    62  stm32f10x_fsmc.o(.text)
    FSMC_PCCARDDeInit                        0x08006df5   Thumb Code    36  stm32f10x_fsmc.o(.text)
    FSMC_NORSRAMInit                         0x08006e19   Thumb Code   230  stm32f10x_fsmc.o(.text)
    FSMC_NANDInit                            0x08006eff   Thumb Code   132  stm32f10x_fsmc.o(.text)
    FSMC_PCCARDInit                          0x08006f83   Thumb Code   130  stm32f10x_fsmc.o(.text)
    FSMC_NORSRAMStructInit                   0x08007005   Thumb Code   114  stm32f10x_fsmc.o(.text)
    FSMC_NANDStructInit                      0x08007077   Thumb Code    54  stm32f10x_fsmc.o(.text)
    FSMC_PCCARDStructInit                    0x080070ad   Thumb Code    60  stm32f10x_fsmc.o(.text)
    FSMC_NORSRAMCmd                          0x080070e9   Thumb Code    46  stm32f10x_fsmc.o(.text)
    FSMC_NANDCmd                             0x08007117   Thumb Code    86  stm32f10x_fsmc.o(.text)
    FSMC_PCCARDCmd                           0x0800716d   Thumb Code    44  stm32f10x_fsmc.o(.text)
    FSMC_NANDECCCmd                          0x08007199   Thumb Code    90  stm32f10x_fsmc.o(.text)
    FSMC_GetECC                              0x080071f3   Thumb Code    24  stm32f10x_fsmc.o(.text)
    FSMC_ITConfig                            0x0800720b   Thumb Code   128  stm32f10x_fsmc.o(.text)
    FSMC_GetFlagStatus                       0x0800728b   Thumb Code    54  stm32f10x_fsmc.o(.text)
    FSMC_ClearFlag                           0x080072c1   Thumb Code    62  stm32f10x_fsmc.o(.text)
    FSMC_GetITStatus                         0x080072ff   Thumb Code    64  stm32f10x_fsmc.o(.text)
    FSMC_ClearITPendingBit                   0x0800733f   Thumb Code    68  stm32f10x_fsmc.o(.text)
    GPIO_DeInit                              0x0800738d   Thumb Code   172  stm32f10x_gpio.o(.text)
    GPIO_AFIODeInit                          0x08007439   Thumb Code    20  stm32f10x_gpio.o(.text)
    GPIO_Init                                0x0800744d   Thumb Code   278  stm32f10x_gpio.o(.text)
    GPIO_StructInit                          0x08007563   Thumb Code    16  stm32f10x_gpio.o(.text)
    GPIO_ReadInputDataBit                    0x08007573   Thumb Code    18  stm32f10x_gpio.o(.text)
    GPIO_ReadInputData                       0x08007585   Thumb Code     8  stm32f10x_gpio.o(.text)
    GPIO_ReadOutputDataBit                   0x0800758d   Thumb Code    18  stm32f10x_gpio.o(.text)
    GPIO_ReadOutputData                      0x0800759f   Thumb Code     8  stm32f10x_gpio.o(.text)
    GPIO_SetBits                             0x080075a7   Thumb Code     4  stm32f10x_gpio.o(.text)
    GPIO_ResetBits                           0x080075ab   Thumb Code     4  stm32f10x_gpio.o(.text)
    GPIO_WriteBit                            0x080075af   Thumb Code    10  stm32f10x_gpio.o(.text)
    GPIO_Write                               0x080075b9   Thumb Code     4  stm32f10x_gpio.o(.text)
    GPIO_PinLockConfig                       0x080075bd   Thumb Code    18  stm32f10x_gpio.o(.text)
    GPIO_EventOutputConfig                   0x080075cf   Thumb Code    26  stm32f10x_gpio.o(.text)
    GPIO_EventOutputCmd                      0x080075e9   Thumb Code     6  stm32f10x_gpio.o(.text)
    GPIO_PinRemapConfig                      0x080075ef   Thumb Code   138  stm32f10x_gpio.o(.text)
    GPIO_EXTILineConfig                      0x08007679   Thumb Code    66  stm32f10x_gpio.o(.text)
    GPIO_ETH_MediaInterfaceConfig            0x080076bb   Thumb Code     8  stm32f10x_gpio.o(.text)
    RCC_DeInit                               0x080076e9   Thumb Code    64  stm32f10x_rcc.o(.text)
    RCC_HSEConfig                            0x08007729   Thumb Code    70  stm32f10x_rcc.o(.text)
    RCC_GetFlagStatus                        0x0800776f   Thumb Code    56  stm32f10x_rcc.o(.text)
    RCC_WaitForHSEStartUp                    0x080077a7   Thumb Code    56  stm32f10x_rcc.o(.text)
    RCC_AdjustHSICalibrationValue            0x080077df   Thumb Code    20  stm32f10x_rcc.o(.text)
    RCC_HSICmd                               0x080077f3   Thumb Code     6  stm32f10x_rcc.o(.text)
    RCC_PLLConfig                            0x080077f9   Thumb Code    24  stm32f10x_rcc.o(.text)
    RCC_PLLCmd                               0x08007811   Thumb Code     6  stm32f10x_rcc.o(.text)
    RCC_SYSCLKConfig                         0x08007817   Thumb Code    18  stm32f10x_rcc.o(.text)
    RCC_GetSYSCLKSource                      0x08007829   Thumb Code    10  stm32f10x_rcc.o(.text)
    RCC_HCLKConfig                           0x08007833   Thumb Code    18  stm32f10x_rcc.o(.text)
    RCC_PCLK1Config                          0x08007845   Thumb Code    18  stm32f10x_rcc.o(.text)
    RCC_PCLK2Config                          0x08007857   Thumb Code    20  stm32f10x_rcc.o(.text)
    RCC_ITConfig                             0x0800786b   Thumb Code    26  stm32f10x_rcc.o(.text)
    RCC_USBCLKConfig                         0x08007885   Thumb Code     8  stm32f10x_rcc.o(.text)
    RCC_ADCCLKConfig                         0x0800788d   Thumb Code    18  stm32f10x_rcc.o(.text)
    RCC_LSEConfig                            0x0800789f   Thumb Code    50  stm32f10x_rcc.o(.text)
    RCC_LSICmd                               0x080078d1   Thumb Code     6  stm32f10x_rcc.o(.text)
    RCC_RTCCLKConfig                         0x080078d7   Thumb Code    12  stm32f10x_rcc.o(.text)
    RCC_RTCCLKCmd                            0x080078e3   Thumb Code     8  stm32f10x_rcc.o(.text)
    RCC_GetClocksFreq                        0x080078eb   Thumb Code   192  stm32f10x_rcc.o(.text)
    RCC_AHBPeriphClockCmd                    0x080079ab   Thumb Code    26  stm32f10x_rcc.o(.text)
    RCC_APB2PeriphClockCmd                   0x080079c5   Thumb Code    26  stm32f10x_rcc.o(.text)
    RCC_APB1PeriphClockCmd                   0x080079df   Thumb Code    26  stm32f10x_rcc.o(.text)
    RCC_APB2PeriphResetCmd                   0x080079f9   Thumb Code    26  stm32f10x_rcc.o(.text)
    RCC_APB1PeriphResetCmd                   0x08007a13   Thumb Code    26  stm32f10x_rcc.o(.text)
    RCC_BackupResetCmd                       0x08007a2d   Thumb Code     8  stm32f10x_rcc.o(.text)
    RCC_ClockSecuritySystemCmd               0x08007a35   Thumb Code     6  stm32f10x_rcc.o(.text)
    RCC_MCOConfig                            0x08007a3b   Thumb Code     6  stm32f10x_rcc.o(.text)
    RCC_ClearFlag                            0x08007a41   Thumb Code    14  stm32f10x_rcc.o(.text)
    RCC_GetITStatus                          0x08007a4f   Thumb Code    20  stm32f10x_rcc.o(.text)
    RCC_ClearITPendingBit                    0x08007a63   Thumb Code     6  stm32f10x_rcc.o(.text)
    USART_DeInit                             0x08007a8d   Thumb Code   134  stm32f10x_usart.o(.text)
    USART_Init                               0x08007b13   Thumb Code   210  stm32f10x_usart.o(.text)
    USART_StructInit                         0x08007be5   Thumb Code    24  stm32f10x_usart.o(.text)
    USART_ClockInit                          0x08007bfd   Thumb Code    34  stm32f10x_usart.o(.text)
    USART_ClockStructInit                    0x08007c1f   Thumb Code    12  stm32f10x_usart.o(.text)
    USART_Cmd                                0x08007c2b   Thumb Code    24  stm32f10x_usart.o(.text)
    USART_ITConfig                           0x08007c43   Thumb Code    74  stm32f10x_usart.o(.text)
    USART_DMACmd                             0x08007c8d   Thumb Code    18  stm32f10x_usart.o(.text)
    USART_SetAddress                         0x08007c9f   Thumb Code    18  stm32f10x_usart.o(.text)
    USART_WakeUpConfig                       0x08007cb1   Thumb Code    18  stm32f10x_usart.o(.text)
    USART_ReceiverWakeUpCmd                  0x08007cc3   Thumb Code    24  stm32f10x_usart.o(.text)
    USART_LINBreakDetectLengthConfig         0x08007cdb   Thumb Code    18  stm32f10x_usart.o(.text)
    USART_LINCmd                             0x08007ced   Thumb Code    24  stm32f10x_usart.o(.text)
    USART_SendData                           0x08007d05   Thumb Code     8  stm32f10x_usart.o(.text)
    USART_ReceiveData                        0x08007d0d   Thumb Code    10  stm32f10x_usart.o(.text)
    USART_SendBreak                          0x08007d17   Thumb Code    10  stm32f10x_usart.o(.text)
    USART_SetGuardTime                       0x08007d21   Thumb Code    16  stm32f10x_usart.o(.text)
    USART_SetPrescaler                       0x08007d31   Thumb Code    16  stm32f10x_usart.o(.text)
    USART_SmartCardCmd                       0x08007d41   Thumb Code    24  stm32f10x_usart.o(.text)
    USART_SmartCardNACKCmd                   0x08007d59   Thumb Code    24  stm32f10x_usart.o(.text)
    USART_HalfDuplexCmd                      0x08007d71   Thumb Code    24  stm32f10x_usart.o(.text)
    USART_OverSampling8Cmd                   0x08007d89   Thumb Code    22  stm32f10x_usart.o(.text)
    USART_OneBitMethodCmd                    0x08007d9f   Thumb Code    24  stm32f10x_usart.o(.text)
    USART_IrDAConfig                         0x08007db7   Thumb Code    18  stm32f10x_usart.o(.text)
    USART_IrDACmd                            0x08007dc9   Thumb Code    24  stm32f10x_usart.o(.text)
    USART_GetFlagStatus                      0x08007de1   Thumb Code    26  stm32f10x_usart.o(.text)
    USART_ClearFlag                          0x08007dfb   Thumb Code    18  stm32f10x_usart.o(.text)
    USART_GetITStatus                        0x08007e0d   Thumb Code    84  stm32f10x_usart.o(.text)
    USART_ClearITPendingBit                  0x08007e61   Thumb Code    52  stm32f10x_usart.o(.text)
    TIM_DeInit                               0x08007e95   Thumb Code   424  stm32f10x_tim.o(.text)
    TIM_TimeBaseInit                         0x0800803d   Thumb Code   122  stm32f10x_tim.o(.text)
    TIM_OC1Init                              0x080080b7   Thumb Code   132  stm32f10x_tim.o(.text)
    TIM_OC2Init                              0x0800813b   Thumb Code   154  stm32f10x_tim.o(.text)
    TIM_OC3Init                              0x080081d5   Thumb Code   150  stm32f10x_tim.o(.text)
    TIM_OC4Init                              0x0800826b   Thumb Code   182  stm32f10x_tim.o(.text)
    TIM_SetIC4Prescaler                      0x08008321   Thumb Code    26  stm32f10x_tim.o(.text)
    TIM_SetIC3Prescaler                      0x080083bd   Thumb Code    18  stm32f10x_tim.o(.text)
    TIM_SetIC2Prescaler                      0x08008449   Thumb Code    26  stm32f10x_tim.o(.text)
    TIM_SetIC1Prescaler                      0x080084e5   Thumb Code    18  stm32f10x_tim.o(.text)
    TIM_ICInit                               0x08008563   Thumb Code   150  stm32f10x_tim.o(.text)
    TIM_PWMIConfig                           0x080085f9   Thumb Code   124  stm32f10x_tim.o(.text)
    TIM_BDTRConfig                           0x08008675   Thumb Code    32  stm32f10x_tim.o(.text)
    TIM_TimeBaseStructInit                   0x08008695   Thumb Code    18  stm32f10x_tim.o(.text)
    TIM_OCStructInit                         0x080086a7   Thumb Code    20  stm32f10x_tim.o(.text)
    TIM_ICStructInit                         0x080086bb   Thumb Code    18  stm32f10x_tim.o(.text)
    TIM_BDTRStructInit                       0x080086cd   Thumb Code    40  stm32f10x_tim.o(.text)
    TIM_Cmd                                  0x080086f5   Thumb Code    24  stm32f10x_tim.o(.text)
    TIM_CtrlPWMOutputs                       0x0800870d   Thumb Code    30  stm32f10x_tim.o(.text)
    TIM_ITConfig                             0x0800872b   Thumb Code    18  stm32f10x_tim.o(.text)
    TIM_GenerateEvent                        0x0800873d   Thumb Code     4  stm32f10x_tim.o(.text)
    TIM_DMAConfig                            0x08008741   Thumb Code    10  stm32f10x_tim.o(.text)
    TIM_DMACmd                               0x0800874b   Thumb Code    18  stm32f10x_tim.o(.text)
    TIM_InternalClockConfig                  0x0800875d   Thumb Code    12  stm32f10x_tim.o(.text)
    TIM_SelectInputTrigger                   0x08008769   Thumb Code    18  stm32f10x_tim.o(.text)
    TIM_ITRxExternalClockConfig              0x0800877b   Thumb Code    24  stm32f10x_tim.o(.text)
    TIM_TIxExternalClockConfig               0x08008793   Thumb Code    62  stm32f10x_tim.o(.text)
    TIM_ETRConfig                            0x080087d1   Thumb Code    28  stm32f10x_tim.o(.text)
    TIM_ETRClockMode1Config                  0x080087ed   Thumb Code    54  stm32f10x_tim.o(.text)
    TIM_ETRClockMode2Config                  0x08008823   Thumb Code    32  stm32f10x_tim.o(.text)
    TIM_PrescalerConfig                      0x08008843   Thumb Code     6  stm32f10x_tim.o(.text)
    TIM_CounterModeConfig                    0x08008849   Thumb Code    18  stm32f10x_tim.o(.text)
    TIM_EncoderInterfaceConfig               0x0800885b   Thumb Code    66  stm32f10x_tim.o(.text)
    TIM_ForcedOC1Config                      0x0800889d   Thumb Code    18  stm32f10x_tim.o(.text)
    TIM_ForcedOC2Config                      0x080088af   Thumb Code    26  stm32f10x_tim.o(.text)
    TIM_ForcedOC3Config                      0x080088c9   Thumb Code    18  stm32f10x_tim.o(.text)
    TIM_ForcedOC4Config                      0x080088db   Thumb Code    26  stm32f10x_tim.o(.text)
    TIM_ARRPreloadConfig                     0x080088f5   Thumb Code    24  stm32f10x_tim.o(.text)
    TIM_SelectCOM                            0x0800890d   Thumb Code    24  stm32f10x_tim.o(.text)
    TIM_SelectCCDMA                          0x08008925   Thumb Code    24  stm32f10x_tim.o(.text)
    TIM_CCPreloadControl                     0x0800893d   Thumb Code    24  stm32f10x_tim.o(.text)
    TIM_OC1PreloadConfig                     0x08008955   Thumb Code    18  stm32f10x_tim.o(.text)
    TIM_OC2PreloadConfig                     0x08008967   Thumb Code    26  stm32f10x_tim.o(.text)
    TIM_OC3PreloadConfig                     0x08008981   Thumb Code    18  stm32f10x_tim.o(.text)
    TIM_OC4PreloadConfig                     0x08008993   Thumb Code    26  stm32f10x_tim.o(.text)
    TIM_OC1FastConfig                        0x080089ad   Thumb Code    18  stm32f10x_tim.o(.text)
    TIM_OC2FastConfig                        0x080089bf   Thumb Code    26  stm32f10x_tim.o(.text)
    TIM_OC3FastConfig                        0x080089d9   Thumb Code    18  stm32f10x_tim.o(.text)
    TIM_OC4FastConfig                        0x080089eb   Thumb Code    26  stm32f10x_tim.o(.text)
    TIM_ClearOC1Ref                          0x08008a05   Thumb Code    18  stm32f10x_tim.o(.text)
    TIM_ClearOC2Ref                          0x08008a17   Thumb Code    24  stm32f10x_tim.o(.text)
    TIM_ClearOC3Ref                          0x08008a2f   Thumb Code    18  stm32f10x_tim.o(.text)
    TIM_ClearOC4Ref                          0x08008a41   Thumb Code    24  stm32f10x_tim.o(.text)
    TIM_OC1PolarityConfig                    0x08008a59   Thumb Code    18  stm32f10x_tim.o(.text)
    TIM_OC1NPolarityConfig                   0x08008a6b   Thumb Code    18  stm32f10x_tim.o(.text)
    TIM_OC2PolarityConfig                    0x08008a7d   Thumb Code    26  stm32f10x_tim.o(.text)
    TIM_OC2NPolarityConfig                   0x08008a97   Thumb Code    26  stm32f10x_tim.o(.text)
    TIM_OC3PolarityConfig                    0x08008ab1   Thumb Code    26  stm32f10x_tim.o(.text)
    TIM_OC3NPolarityConfig                   0x08008acb   Thumb Code    26  stm32f10x_tim.o(.text)
    TIM_OC4PolarityConfig                    0x08008ae5   Thumb Code    26  stm32f10x_tim.o(.text)
    TIM_CCxCmd                               0x08008aff   Thumb Code    30  stm32f10x_tim.o(.text)
    TIM_CCxNCmd                              0x08008b1d   Thumb Code    30  stm32f10x_tim.o(.text)
    TIM_SelectOCxM                           0x08008b3b   Thumb Code    82  stm32f10x_tim.o(.text)
    TIM_UpdateDisableConfig                  0x08008b8d   Thumb Code    24  stm32f10x_tim.o(.text)
    TIM_UpdateRequestConfig                  0x08008ba5   Thumb Code    24  stm32f10x_tim.o(.text)
    TIM_SelectHallSensor                     0x08008bbd   Thumb Code    24  stm32f10x_tim.o(.text)
    TIM_SelectOnePulseMode                   0x08008bd5   Thumb Code    18  stm32f10x_tim.o(.text)
    TIM_SelectOutputTrigger                  0x08008be7   Thumb Code    18  stm32f10x_tim.o(.text)
    TIM_SelectSlaveMode                      0x08008bf9   Thumb Code    18  stm32f10x_tim.o(.text)
    TIM_SelectMasterSlaveMode                0x08008c0b   Thumb Code    18  stm32f10x_tim.o(.text)
    TIM_SetCounter                           0x08008c1d   Thumb Code     4  stm32f10x_tim.o(.text)
    TIM_SetAutoreload                        0x08008c21   Thumb Code     4  stm32f10x_tim.o(.text)
    TIM_SetCompare1                          0x08008c25   Thumb Code     4  stm32f10x_tim.o(.text)
    TIM_SetCompare2                          0x08008c29   Thumb Code     4  stm32f10x_tim.o(.text)
    TIM_SetCompare3                          0x08008c2d   Thumb Code     4  stm32f10x_tim.o(.text)
    TIM_SetCompare4                          0x08008c31   Thumb Code     6  stm32f10x_tim.o(.text)
    TIM_SetClockDivision                     0x08008c37   Thumb Code    18  stm32f10x_tim.o(.text)
    TIM_GetCapture1                          0x08008c49   Thumb Code     6  stm32f10x_tim.o(.text)
    TIM_GetCapture2                          0x08008c4f   Thumb Code     6  stm32f10x_tim.o(.text)
    TIM_GetCapture3                          0x08008c55   Thumb Code     6  stm32f10x_tim.o(.text)
    TIM_GetCapture4                          0x08008c5b   Thumb Code     8  stm32f10x_tim.o(.text)
    TIM_GetCounter                           0x08008c63   Thumb Code     6  stm32f10x_tim.o(.text)
    TIM_GetPrescaler                         0x08008c69   Thumb Code     6  stm32f10x_tim.o(.text)
    TIM_GetFlagStatus                        0x08008c6f   Thumb Code    18  stm32f10x_tim.o(.text)
    TIM_ClearFlag                            0x08008c81   Thumb Code     6  stm32f10x_tim.o(.text)
    TIM_GetITStatus                          0x08008c87   Thumb Code    34  stm32f10x_tim.o(.text)
    TIM_ClearITPendingBit                    0x08008ca9   Thumb Code     6  stm32f10x_tim.o(.text)
    EXTI_DeInit                              0x08008cb1   Thumb Code    28  stm32f10x_exti.o(.text)
    EXTI_Init                                0x08008ccd   Thumb Code   142  stm32f10x_exti.o(.text)
    EXTI_StructInit                          0x08008d5b   Thumb Code    16  stm32f10x_exti.o(.text)
    EXTI_GenerateSWInterrupt                 0x08008d6b   Thumb Code    16  stm32f10x_exti.o(.text)
    EXTI_GetFlagStatus                       0x08008d7b   Thumb Code    22  stm32f10x_exti.o(.text)
    EXTI_ClearFlag                           0x08008d91   Thumb Code     8  stm32f10x_exti.o(.text)
    EXTI_GetITStatus                         0x08008d99   Thumb Code    34  stm32f10x_exti.o(.text)
    EXTI_ClearITPendingBit                   0x08008dbb   Thumb Code     8  stm32f10x_exti.o(.text)
    __use_no_semihosting                     0x08008dcd   Thumb Code     2  use_no_semi_2.o(.text)
    __2printf                                0x08008dd1   Thumb Code    20  noretval__2printf.o(.text)
    __printf                                 0x08008de9   Thumb Code   104  __printf.o(.text)
    _printf_int_hex                          0x08008e51   Thumb Code    84  _printf_hex_int.o(.text)
    _printf_longlong_hex                     0x08008e51   Thumb Code     0  _printf_hex_int.o(.text)
    __use_two_region_memory                  0x08008ea9   Thumb Code     2  heapauxi.o(.text)
    __rt_heap_escrow$2region                 0x08008eab   Thumb Code     2  heapauxi.o(.text)
    __rt_heap_expand$2region                 0x08008ead   Thumb Code     2  heapauxi.o(.text)
    __I$use$semihosting                      0x08008eaf   Thumb Code     0  use_no_semi.o(.text)
    __use_no_semihosting_swi                 0x08008eaf   Thumb Code     2  use_no_semi.o(.text)
    _printf_int_common                       0x08008eb1   Thumb Code   178  _printf_intcommon.o(.text)
    _printf_char_file                        0x08008f65   Thumb Code    32  _printf_char_file.o(.text)
    _printf_char_common                      0x08008f93   Thumb Code    32  _printf_char_common.o(.text)
    ferror                                   0x08008fb9   Thumb Code     8  ferror.o(.text)
    __user_setup_stackheap                   0x08008fc1   Thumb Code    74  sys_stackheap_outer.o(.text)
    exit                                     0x0800900b   Thumb Code    12  exit.o(.text)
    __user_libspace                          0x08009019   Thumb Code     8  libspace.o(.text)
    __user_perproc_libspace                  0x08009019   Thumb Code     0  libspace.o(.text)
    __user_perthread_libspace                0x08009019   Thumb Code     0  libspace.o(.text)
    __aeabi_d2f                              0x08009021   Thumb Code     0  d2f.o(x$fpl$d2f)
    _d2f                                     0x08009021   Thumb Code    98  d2f.o(x$fpl$d2f)
    __fpl_dcmp_Inf                           0x08009083   Thumb Code    24  dcmpi.o(x$fpl$dcmpinf)
    __aeabi_ddiv                             0x0800909d   Thumb Code     0  ddiv.o(x$fpl$ddiv)
    _ddiv                                    0x0800909d   Thumb Code   552  ddiv.o(x$fpl$ddiv)
    __aeabi_d2uiz                            0x0800934d   Thumb Code     0  dfixu.o(x$fpl$dfixu)
    _dfixu                                   0x0800934d   Thumb Code    90  dfixu.o(x$fpl$dfixu)
    __aeabi_ui2d                             0x080093a7   Thumb Code     0  dflt_clz.o(x$fpl$dfltu)
    _dfltu                                   0x080093a7   Thumb Code    38  dflt_clz.o(x$fpl$dfltu)
    __aeabi_cdcmple                          0x080093cd   Thumb Code     0  dleqf.o(x$fpl$dleqf)
    _dcmple                                  0x080093cd   Thumb Code   120  dleqf.o(x$fpl$dleqf)
    __fpl_dcmple_InfNaN                      0x0800942f   Thumb Code     0  dleqf.o(x$fpl$dleqf)
    __aeabi_dmul                             0x08009445   Thumb Code     0  dmul.o(x$fpl$dmul)
    _dmul                                    0x08009445   Thumb Code   332  dmul.o(x$fpl$dmul)
    __fpl_dnaninf                            0x08009599   Thumb Code   156  dnaninf.o(x$fpl$dnaninf)
    __fpl_dretinf                            0x08009635   Thumb Code    12  dretinf.o(x$fpl$dretinf)
    __aeabi_f2d                              0x08009641   Thumb Code     0  f2d.o(x$fpl$f2d)
    _f2d                                     0x08009641   Thumb Code    86  f2d.o(x$fpl$f2d)
    __aeabi_fadd                             0x08009699   Thumb Code     0  faddsub_clz.o(x$fpl$fadd)
    _fadd                                    0x08009699   Thumb Code   196  faddsub_clz.o(x$fpl$fadd)
    __fpl_fcmp_Inf                           0x0800975d   Thumb Code    24  fcmpi.o(x$fpl$fcmpinf)
    __aeabi_fdiv                             0x08009775   Thumb Code     0  fdiv.o(x$fpl$fdiv)
    _fdiv                                    0x08009775   Thumb Code   384  fdiv.o(x$fpl$fdiv)
    __aeabi_cfcmpeq                          0x080098f9   Thumb Code     0  feqf.o(x$fpl$feqf)
    _fcmpeq                                  0x080098f9   Thumb Code   104  feqf.o(x$fpl$feqf)
    __aeabi_ui2f                             0x08009961   Thumb Code     0  fflt_clz.o(x$fpl$ffltu)
    _ffltu                                   0x08009961   Thumb Code    38  fflt_clz.o(x$fpl$ffltu)
    __aeabi_cfcmple                          0x08009989   Thumb Code     0  fleqf.o(x$fpl$fleqf)
    _fcmple                                  0x08009989   Thumb Code   104  fleqf.o(x$fpl$fleqf)
    __fpl_fcmple_InfNaN                      0x080099db   Thumb Code     0  fleqf.o(x$fpl$fleqf)
    __aeabi_fmul                             0x080099f1   Thumb Code     0  fmul.o(x$fpl$fmul)
    _fmul                                    0x080099f1   Thumb Code   258  fmul.o(x$fpl$fmul)
    __fpl_fnaninf                            0x08009af3   Thumb Code   140  fnaninf.o(x$fpl$fnaninf)
    __fpl_fretinf                            0x08009b7f   Thumb Code    10  fretinf.o(x$fpl$fretinf)
    __aeabi_cfrcmple                         0x08009b89   Thumb Code     0  frleqf.o(x$fpl$frleqf)
    _frcmple                                 0x08009b89   Thumb Code    98  frleqf.o(x$fpl$frleqf)
    __aeabi_fsub                             0x08009bed   Thumb Code     0  faddsub_clz.o(x$fpl$fsub)
    _fsub                                    0x08009bed   Thumb Code   234  faddsub_clz.o(x$fpl$fsub)
    __I$use$fp                               0x08009cd6   Number         0  usenofp.o(x$fpl$usenofp)
    asc2_1206                                0x08009cd6   Data        1140  lcd.o(.constdata)
    asc2_1608                                0x0800a14a   Data        1520  lcd.o(.constdata)
    asc2_2412                                0x0800a73a   Data        3420  lcd.o(.constdata)
    Region$$Table$$Base                      0x0800b4c0   Number         0  anon$$obj.o(Region$$Table)
    Region$$Table$$Limit                     0x0800b4e0   Number         0  anon$$obj.o(Region$$Table)
    res0                                     0x20000000   Data           4  main.o(.data)
    res1                                     0x20000004   Data           4  main.o(.data)
    res2                                     0x20000008   Data           4  main.o(.data)
    res3                                     0x2000000c   Data           4  main.o(.data)
    temp0                                    0x20000010   Data           4  main.o(.data)
    temp1                                    0x20000014   Data           4  main.o(.data)
    temp2                                    0x20000018   Data           4  main.o(.data)
    temp3                                    0x2000001c   Data           4  main.o(.data)
    D_res0                                   0x20000020   Data           4  main.o(.data)
    D_res1                                   0x20000024   Data           4  main.o(.data)
    D_res2                                   0x20000028   Data           4  main.o(.data)
    D_res3                                   0x2000002c   Data           4  main.o(.data)
    decide_flag                              0x20000030   Data           1  main.o(.data)
    mode_flag                                0x20000031   Data           1  main.o(.data)
    decide_flag_l                            0x20000032   Data           1  main.o(.data)
    collect_flag                             0x20000033   Data           1  main.o(.data)
    n                                        0x20000034   Data           1  main.o(.data)
    i                                        0x20000035   Data           1  main.o(.data)
    j                                        0x20000036   Data           1  main.o(.data)
    f                                        0x20000037   Data           1  main.o(.data)
    train_flag                               0x20000038   Data           1  main.o(.data)
    count                                    0x20000039   Data           1  main.o(.data)
    fist                                     0x2000003c   Data          12  main.o(.data)
    finger                                   0x20000048   Data          20  main.o(.data)
    SystemCoreClock                          0x2000005c   Data           4  system_stm32f10x.o(.data)
    AHBPrescTable                            0x20000060   Data          16  system_stm32f10x.o(.data)
    POINT_COLOR                              0x20000072   Data           2  lcd.o(.data)
    BACK_COLOR                               0x20000074   Data           2  lcd.o(.data)
    Data_FDC                                 0x20000078   Data           4  fdc2214.o(.data)
    __stdout                                 0x20000080   Data           4  usart.o(.data)
    USART_RX_STA                             0x20000084   Data           2  usart.o(.data)
    collect                                  0x2000009c   Data          80  main.o(.bss)
    collect_fist                             0x200000ec   Data          36  main.o(.bss)
    collect_finger                           0x20000110   Data          60  main.o(.bss)
    lcddev                                   0x2000014c   Data          14  lcd.o(.bss)
    USART_RX_BUF                             0x2000015a   Data         200  usart.o(.bss)
    __libspace_start                         0x20000224   Data          96  libspace.o(.bss)
    __temporary_stack_top$libspace           0x20000284   Data           0  libspace.o(.bss)



==============================================================================

Memory Map of the image

  Image Entry point : 0x08000131

  Load Region LR_IROM1 (Base: 0x08000000, Size: 0x0000b57c, Max: 0x00080000, ABSOLUTE)

    Execution Region ER_IROM1 (Base: 0x08000000, Size: 0x0000b4e0, Max: 0x00080000, ABSOLUTE)

    Base Addr    Size         Type   Attr      Idx    E Section Name        Object

    0x08000000   0x00000130   Data   RO          380    RESET               startup_stm32f10x_hd.o
    0x08000130   0x00000008   Code   RO          526  * !!!main             c_w.l(__main.o)
    0x08000138   0x00000034   Code   RO          752    !!!scatter          c_w.l(__scatter.o)
    0x0800016c   0x0000001a   Code   RO          754    !!handler_copy      c_w.l(__scatter_copy.o)
    0x08000186   0x00000002   PAD
    0x08000188   0x0000001c   Code   RO          756    !!handler_zi        c_w.l(__scatter_zi.o)
    0x080001a4   0x00000000   Code   RO          523    .ARM.Collect$$_printf_percent$$00000000  c_w.l(_printf_percent.o)
    0x080001a4   0x00000006   Code   RO          522    .ARM.Collect$$_printf_percent$$0000000C  c_w.l(_printf_x.o)
    0x080001aa   0x00000004   Code   RO          581    .ARM.Collect$$_printf_percent$$00000017  c_w.l(_printf_percent_end.o)
    0x080001ae   0x00000002   Code   RO          627    .ARM.Collect$$libinit$$00000000  c_w.l(libinit.o)
    0x080001b0   0x00000000   Code   RO          634    .ARM.Collect$$libinit$$00000002  c_w.l(libinit2.o)
    0x080001b0   0x00000000   Code   RO          636    .ARM.Collect$$libinit$$00000004  c_w.l(libinit2.o)
    0x080001b0   0x00000000   Code   RO          639    .ARM.Collect$$libinit$$0000000A  c_w.l(libinit2.o)
    0x080001b0   0x00000000   Code   RO          641    .ARM.Collect$$libinit$$0000000C  c_w.l(libinit2.o)
    0x080001b0   0x00000000   Code   RO          643    .ARM.Collect$$libinit$$0000000E  c_w.l(libinit2.o)
    0x080001b0   0x00000000   Code   RO          646    .ARM.Collect$$libinit$$00000011  c_w.l(libinit2.o)
    0x080001b0   0x00000000   Code   RO          648    .ARM.Collect$$libinit$$00000013  c_w.l(libinit2.o)
    0x080001b0   0x00000000   Code   RO          650    .ARM.Collect$$libinit$$00000015  c_w.l(libinit2.o)
    0x080001b0   0x00000000   Code   RO          652    .ARM.Collect$$libinit$$00000017  c_w.l(libinit2.o)
    0x080001b0   0x00000000   Code   RO          654    .ARM.Collect$$libinit$$00000019  c_w.l(libinit2.o)
    0x080001b0   0x00000000   Code   RO          656    .ARM.Collect$$libinit$$0000001B  c_w.l(libinit2.o)
    0x080001b0   0x00000000   Code   RO          658    .ARM.Collect$$libinit$$0000001D  c_w.l(libinit2.o)
    0x080001b0   0x00000000   Code   RO          660    .ARM.Collect$$libinit$$0000001F  c_w.l(libinit2.o)
    0x080001b0   0x00000000   Code   RO          662    .ARM.Collect$$libinit$$00000021  c_w.l(libinit2.o)
    0x080001b0   0x00000000   Code   RO          664    .ARM.Collect$$libinit$$00000023  c_w.l(libinit2.o)
    0x080001b0   0x00000000   Code   RO          666    .ARM.Collect$$libinit$$00000025  c_w.l(libinit2.o)
    0x080001b0   0x00000000   Code   RO          670    .ARM.Collect$$libinit$$0000002C  c_w.l(libinit2.o)
    0x080001b0   0x00000000   Code   RO          672    .ARM.Collect$$libinit$$0000002E  c_w.l(libinit2.o)
    0x080001b0   0x00000000   Code   RO          674    .ARM.Collect$$libinit$$00000030  c_w.l(libinit2.o)
    0x080001b0   0x00000000   Code   RO          676    .ARM.Collect$$libinit$$00000032  c_w.l(libinit2.o)
    0x080001b0   0x00000002   Code   RO          677    .ARM.Collect$$libinit$$00000033  c_w.l(libinit2.o)
    0x080001b2   0x00000002   Code   RO          695    .ARM.Collect$$libshutdown$$00000000  c_w.l(libshutdown.o)
    0x080001b4   0x00000000   Code   RO          706    .ARM.Collect$$libshutdown$$00000003  c_w.l(libshutdown2.o)
    0x080001b4   0x00000000   Code   RO          709    .ARM.Collect$$libshutdown$$00000006  c_w.l(libshutdown2.o)
    0x080001b4   0x00000000   Code   RO          712    .ARM.Collect$$libshutdown$$00000009  c_w.l(libshutdown2.o)
    0x080001b4   0x00000000   Code   RO          714    .ARM.Collect$$libshutdown$$0000000B  c_w.l(libshutdown2.o)
    0x080001b4   0x00000000   Code   RO          717    .ARM.Collect$$libshutdown$$0000000E  c_w.l(libshutdown2.o)
    0x080001b4   0x00000002   Code   RO          718    .ARM.Collect$$libshutdown$$0000000F  c_w.l(libshutdown2.o)
    0x080001b6   0x00000000   Code   RO          576    .ARM.Collect$$rtentry$$00000000  c_w.l(__rtentry.o)
    0x080001b6   0x00000000   Code   RO          596    .ARM.Collect$$rtentry$$00000002  c_w.l(__rtentry2.o)
    0x080001b6   0x00000006   Code   RO          608    .ARM.Collect$$rtentry$$00000004  c_w.l(__rtentry4.o)
    0x080001bc   0x00000000   Code   RO          598    .ARM.Collect$$rtentry$$00000009  c_w.l(__rtentry2.o)
    0x080001bc   0x00000004   Code   RO          599    .ARM.Collect$$rtentry$$0000000A  c_w.l(__rtentry2.o)
    0x080001c0   0x00000000   Code   RO          601    .ARM.Collect$$rtentry$$0000000C  c_w.l(__rtentry2.o)
    0x080001c0   0x00000008   Code   RO          602    .ARM.Collect$$rtentry$$0000000D  c_w.l(__rtentry2.o)
    0x080001c8   0x00000002   Code   RO          631    .ARM.Collect$$rtexit$$00000000  c_w.l(rtexit.o)
    0x080001ca   0x00000000   Code   RO          679    .ARM.Collect$$rtexit$$00000002  c_w.l(rtexit2.o)
    0x080001ca   0x00000004   Code   RO          680    .ARM.Collect$$rtexit$$00000003  c_w.l(rtexit2.o)
    0x080001ce   0x00000006   Code   RO          681    .ARM.Collect$$rtexit$$00000004  c_w.l(rtexit2.o)
    0x080001d4   0x000013dc   Code   RO            1    .text               main.o
    0x080015b0   0x0000001a   Code   RO          148    .text               stm32f10x_it.o
    0x080015ca   0x00000002   PAD
    0x080015cc   0x000001e0   Code   RO          189    .text               system_stm32f10x.o
    0x080017ac   0x0000004c   Code   RO          207    .text               led.o
    0x080017f8   0x000000f8   Code   RO          219    .text               key.o
    0x080018f0   0x00004a56   Code   RO          232    .text               lcd.o
    0x08006346   0x00000002   PAD
    0x08006348   0x00000464   Code   RO          255    .text               fdc2214.o
    0x080067ac   0x00000060   Code   RO          270    .text               timer.o
    0x0800680c   0x0000020c   Code   RO          282    .text               exti.o
    0x08006a18   0x00000038   Code   RO          302    .text               beep.o
    0x08006a50   0x000000d4   Code   RO          314    .text               delay.o
    0x08006b24   0x00000140   Code   RO          345    .text               usart.o
    0x08006c64   0x00000040   Code   RO          381    .text               startup_stm32f10x_hd.o
    0x08006ca4   0x000000dc   Code   RO          385    .text               misc.o
    0x08006d80   0x0000060c   Code   RO          397    .text               stm32f10x_fsmc.o
    0x0800738c   0x0000035c   Code   RO          409    .text               stm32f10x_gpio.o
    0x080076e8   0x000003a4   Code   RO          421    .text               stm32f10x_rcc.o
    0x08007a8c   0x00000408   Code   RO          435    .text               stm32f10x_usart.o
    0x08007e94   0x00000e1a   Code   RO          447    .text               stm32f10x_tim.o
    0x08008cae   0x00000002   PAD
    0x08008cb0   0x0000011c   Code   RO          459    .text               stm32f10x_exti.o
    0x08008dcc   0x00000002   Code   RO          473    .text               c_w.l(use_no_semi_2.o)
    0x08008dce   0x00000002   PAD
    0x08008dd0   0x00000018   Code   RO          477    .text               c_w.l(noretval__2printf.o)
    0x08008de8   0x00000068   Code   RO          479    .text               c_w.l(__printf.o)
    0x08008e50   0x00000058   Code   RO          484    .text               c_w.l(_printf_hex_int.o)
    0x08008ea8   0x00000006   Code   RO          524    .text               c_w.l(heapauxi.o)
    0x08008eae   0x00000002   Code   RO          574    .text               c_w.l(use_no_semi.o)
    0x08008eb0   0x000000b2   Code   RO          577    .text               c_w.l(_printf_intcommon.o)
    0x08008f62   0x00000002   PAD
    0x08008f64   0x00000024   Code   RO          579    .text               c_w.l(_printf_char_file.o)
    0x08008f88   0x00000030   Code   RO          610    .text               c_w.l(_printf_char_common.o)
    0x08008fb8   0x00000008   Code   RO          612    .text               c_w.l(ferror.o)
    0x08008fc0   0x0000004a   Code   RO          616    .text               c_w.l(sys_stackheap_outer.o)
    0x0800900a   0x0000000c   Code   RO          620    .text               c_w.l(exit.o)
    0x08009016   0x00000002   PAD
    0x08009018   0x00000008   Code   RO          628    .text               c_w.l(libspace.o)
    0x08009020   0x00000062   Code   RO          528    x$fpl$d2f           fz_ws.l(d2f.o)
    0x08009082   0x00000018   Code   RO          582    x$fpl$dcmpinf       fz_ws.l(dcmpi.o)
    0x0800909a   0x00000002   PAD
    0x0800909c   0x000002b0   Code   RO          531    x$fpl$ddiv          fz_ws.l(ddiv.o)
    0x0800934c   0x0000005a   Code   RO          534    x$fpl$dfixu         fz_ws.l(dfixu.o)
    0x080093a6   0x00000026   Code   RO          538    x$fpl$dfltu         fz_ws.l(dflt_clz.o)
    0x080093cc   0x00000078   Code   RO          544    x$fpl$dleqf         fz_ws.l(dleqf.o)
    0x08009444   0x00000154   Code   RO          546    x$fpl$dmul          fz_ws.l(dmul.o)
    0x08009598   0x0000009c   Code   RO          584    x$fpl$dnaninf       fz_ws.l(dnaninf.o)
    0x08009634   0x0000000c   Code   RO          586    x$fpl$dretinf       fz_ws.l(dretinf.o)
    0x08009640   0x00000056   Code   RO          548    x$fpl$f2d           fz_ws.l(f2d.o)
    0x08009696   0x00000002   PAD
    0x08009698   0x000000c4   Code   RO          550    x$fpl$fadd          fz_ws.l(faddsub_clz.o)
    0x0800975c   0x00000018   Code   RO          588    x$fpl$fcmpinf       fz_ws.l(fcmpi.o)
    0x08009774   0x00000184   Code   RO          557    x$fpl$fdiv          fz_ws.l(fdiv.o)
    0x080098f8   0x00000068   Code   RO          560    x$fpl$feqf          fz_ws.l(feqf.o)
    0x08009960   0x00000026   Code   RO          562    x$fpl$ffltu         fz_ws.l(fflt_clz.o)
    0x08009986   0x00000002   PAD
    0x08009988   0x00000068   Code   RO          568    x$fpl$fleqf         fz_ws.l(fleqf.o)
    0x080099f0   0x00000102   Code   RO          570    x$fpl$fmul          fz_ws.l(fmul.o)
    0x08009af2   0x0000008c   Code   RO          590    x$fpl$fnaninf       fz_ws.l(fnaninf.o)
    0x08009b7e   0x0000000a   Code   RO          592    x$fpl$fretinf       fz_ws.l(fretinf.o)
    0x08009b88   0x00000062   Code   RO          572    x$fpl$frleqf        fz_ws.l(frleqf.o)
    0x08009bea   0x00000002   PAD
    0x08009bec   0x000000ea   Code   RO          552    x$fpl$fsub          fz_ws.l(faddsub_clz.o)
    0x08009cd6   0x00000000   Code   RO          594    x$fpl$usenofp       fz_ws.l(usenofp.o)
    0x08009cd6   0x000017c0   Data   RO          234    .constdata          lcd.o
    0x0800b496   0x00000028   Data   RO          485    .constdata          c_w.l(_printf_hex_int.o)
    0x0800b4be   0x00000002   PAD
    0x0800b4c0   0x00000020   Data   RO          750    Region$$Table       anon$$obj.o


    Execution Region RW_IRAM1 (Base: 0x20000000, Size: 0x00000888, Max: 0x00010000, ABSOLUTE)

    Base Addr    Size         Type   Attr      Idx    E Section Name        Object

    0x20000000   0x0000005c   Data   RW            3    .data               main.o
    0x2000005c   0x00000014   Data   RW          190    .data               system_stm32f10x.o
    0x20000070   0x00000001   Data   RW          220    .data               key.o
    0x20000071   0x00000001   PAD
    0x20000072   0x00000004   Data   RW          235    .data               lcd.o
    0x20000076   0x00000002   PAD
    0x20000078   0x00000004   Data   RW          256    .data               fdc2214.o
    0x2000007c   0x00000004   Data   RW          315    .data               delay.o
    0x20000080   0x00000006   Data   RW          347    .data               usart.o
    0x20000086   0x00000014   Data   RW          422    .data               stm32f10x_rcc.o
    0x2000009a   0x00000002   PAD
    0x2000009c   0x000000b0   Zero   RW            2    .bss                main.o
    0x2000014c   0x0000000e   Zero   RW          233    .bss                lcd.o
    0x2000015a   0x000000c8   Zero   RW          346    .bss                usart.o
    0x20000222   0x00000002   PAD
    0x20000224   0x00000060   Zero   RW          629    .bss                c_w.l(libspace.o)
    0x20000284   0x00000004   PAD
    0x20000288   0x00000200   Zero   RW          379    HEAP                startup_stm32f10x_hd.o
    0x20000488   0x00000400   Zero   RW          378    STACK               startup_stm32f10x_hd.o


==============================================================================

Image component sizes


      Code (inc. data)   RO Data    RW Data    ZI Data      Debug   Object Name

        56          6          0          0          0        508   beep.o
       212         18          0          4          0       1059   delay.o
       524         14          0          0          0       1593   exti.o
      1124         28          0          4          0       3838   fdc2214.o
       248         16          0          1          0        840   key.o
     19030        162       6080          4         14      21822   lcd.o
        76          8          0          0          0        515   led.o
      5084        848          0         92        176     266924   main.o
       220         22          0          0          0       1833   misc.o
        64         26        304          0       1536        808   startup_stm32f10x_hd.o
       284         10          0          0          0       2267   stm32f10x_exti.o
      1548         18          0          0          0       5383   stm32f10x_fsmc.o
       860         38          0          0          0       5681   stm32f10x_gpio.o
        26          0          0          0          0       1198   stm32f10x_it.o
       932         36          0         20          0       8872   stm32f10x_rcc.o
      3610         88          0          0          0      22164   stm32f10x_tim.o
      1032         22          0          0          0       8404   stm32f10x_usart.o
         0          0          0          0          0         32   sys.o
       480         38          0         20          0       1791   system_stm32f10x.o
        96          6          0          0          0        656   timer.o
       320         16          0          6        200       3214   usart.o

    ----------------------------------------------------------------------
     35832       1420       6416        156       1928     359402   Object Totals
         0          0         32          0          0          0   (incl. Generated)
         6          0          0          5          2          0   (incl. Padding)

    ----------------------------------------------------------------------

      Code (inc. data)   RO Data    RW Data    ZI Data      Debug   Library Member Name

         8          0          0          0          0         68   __main.o
       104          0          0          0          0         84   __printf.o
         0          0          0          0          0          0   __rtentry.o
        12          0          0          0          0          0   __rtentry2.o
         6          0          0          0          0          0   __rtentry4.o
        52          8          0          0          0          0   __scatter.o
        26          0          0          0          0          0   __scatter_copy.o
        28          0          0          0          0          0   __scatter_zi.o
        48          6          0          0          0         96   _printf_char_common.o
        36          4          0          0          0         80   _printf_char_file.o
        88          4         40          0          0         88   _printf_hex_int.o
       178          0          0          0          0         88   _printf_intcommon.o
         0          0          0          0          0          0   _printf_percent.o
         4          0          0          0          0          0   _printf_percent_end.o
         6          0          0          0          0          0   _printf_x.o
        12          0          0          0          0         72   exit.o
         8          0          0          0          0         68   ferror.o
         6          0          0          0          0        152   heapauxi.o
         2          0          0          0          0          0   libinit.o
         2          0          0          0          0          0   libinit2.o
         2          0          0          0          0          0   libshutdown.o
         2          0          0          0          0          0   libshutdown2.o
         8          4          0          0         96         68   libspace.o
        24          4          0          0          0         84   noretval__2printf.o
         2          0          0          0          0          0   rtexit.o
        10          0          0          0          0          0   rtexit2.o
        74          0          0          0          0         80   sys_stackheap_outer.o
         2          0          0          0          0         68   use_no_semi.o
         2          0          0          0          0         68   use_no_semi_2.o
        98          4          0          0          0         92   d2f.o
        24          0          0          0          0         68   dcmpi.o
       688        140          0          0          0        208   ddiv.o
        90          4          0          0          0         92   dfixu.o
        38          0          0          0          0         68   dflt_clz.o
       120          4          0          0          0         92   dleqf.o
       340         12          0          0          0        104   dmul.o
       156          4          0          0          0         92   dnaninf.o
        12          0          0          0          0         68   dretinf.o
        86          4          0          0          0         84   f2d.o
       430          8          0          0          0        168   faddsub_clz.o
        24          0          0          0          0         68   fcmpi.o
       388         76          0          0          0         96   fdiv.o
       104          4          0          0          0         84   feqf.o
        38          0          0          0          0         68   fflt_clz.o
       104          4          0          0          0         84   fleqf.o
       258          4          0          0          0         84   fmul.o
       140          4          0          0          0         84   fnaninf.o
        10          0          0          0          0         68   fretinf.o
        98          0          0          0          0         68   frleqf.o
         0          0          0          0          0          0   usenofp.o

    ----------------------------------------------------------------------
      4014        302         42          0        100       3004   Library Totals
        16          0          2          0          4          0   (incl. Padding)

    ----------------------------------------------------------------------

      Code (inc. data)   RO Data    RW Data    ZI Data      Debug   Library Name

       752         30         40          0         96       1164   c_w.l
      3246        272          0          0          0       1840   fz_ws.l

    ----------------------------------------------------------------------
      4014        302         42          0        100       3004   Library Totals

    ----------------------------------------------------------------------

==============================================================================


      Code (inc. data)   RO Data    RW Data    ZI Data      Debug   

     39846       1722       6458        156       2028     359126   Grand Totals
     39846       1722       6458        156       2028     359126   ELF Image Totals
     39846       1722       6458        156          0          0   ROM Totals

==============================================================================

    Total RO  Size (Code + RO Data)                46304 (  45.22kB)
    Total RW  Size (RW Data + ZI Data)              2184 (   2.13kB)
    Total ROM Size (Code + RO Data + RW Data)      46460 (  45.37kB)

==============================================================================

